Archive member included because of file (symbol)

/Users/kovuthehusky/Projects/Wifimote/Wifimote/src/libArduino.a(wiring.c.o)
                              ./src/Wifimote.o (delayMicroseconds)
/Users/kovuthehusky/Projects/Wifimote/Wifimote/src/libArduino.a(wiring_digital.c.o)
                              ./src/Wifimote.o (pinMode)
/Users/kovuthehusky/Projects/Wifimote/Wifimote/src/libArduino.a(HardwareSerial.cpp.o)
                              ./src/Wifimote.o (Serial)
/Users/kovuthehusky/Projects/Wifimote/Wifimote/src/libArduino.a(new.cpp.o)
                              /Users/kovuthehusky/Projects/Wifimote/Wifimote/src/libArduino.a(HardwareSerial.cpp.o) (__cxa_pure_virtual)
/Users/kovuthehusky/Projects/Wifimote/Wifimote/src/libArduino.a(Print.cpp.o)
                              /Users/kovuthehusky/Projects/Wifimote/Wifimote/src/libArduino.a(HardwareSerial.cpp.o) (Print::write(unsigned char const*, unsigned int))
/Users/kovuthehusky/Projects/Wifimote/Wifimote/src/libArduino.a(WString.cpp.o)
                              /Users/kovuthehusky/Projects/Wifimote/Wifimote/src/libArduino.a(Print.cpp.o) (String::operator[](unsigned int) const)
/usr/local/CrossPack-AVR-20100115/lib/gcc/avr/4.3.3/avr5/libgcc.a(_mulsi3.o)
                              /Users/kovuthehusky/Projects/Wifimote/Wifimote/src/libArduino.a(Print.cpp.o) (__mulsi3)
/usr/local/CrossPack-AVR-20100115/lib/gcc/avr/4.3.3/avr5/libgcc.a(_divmodhi4.o)
                              /Users/kovuthehusky/Projects/Wifimote/Wifimote/src/libArduino.a(HardwareSerial.cpp.o) (__divmodhi4)
/usr/local/CrossPack-AVR-20100115/lib/gcc/avr/4.3.3/avr5/libgcc.a(_udivmodsi4.o)
                              /Users/kovuthehusky/Projects/Wifimote/Wifimote/src/libArduino.a(HardwareSerial.cpp.o) (__udivmodsi4)
/usr/local/CrossPack-AVR-20100115/lib/gcc/avr/4.3.3/avr5/libgcc.a(_exit.o)
                              /usr/local/CrossPack-AVR-20100115/lib/gcc/avr/4.3.3/../../../../avr/lib/avr5/crtm328p.o (exit)
/usr/local/CrossPack-AVR-20100115/lib/gcc/avr/4.3.3/avr5/libgcc.a(_copy_data.o)
                              ./src/Wifimote.o (__do_copy_data)
/usr/local/CrossPack-AVR-20100115/lib/gcc/avr/4.3.3/avr5/libgcc.a(_clear_bss.o)
                              /Users/kovuthehusky/Projects/Wifimote/Wifimote/src/libArduino.a(wiring.c.o) (__do_clear_bss)
/usr/local/CrossPack-AVR-20100115/lib/gcc/avr/4.3.3/avr5/libgcc.a(_ctors.o)
                              /Users/kovuthehusky/Projects/Wifimote/Wifimote/src/libArduino.a(HardwareSerial.cpp.o) (__do_global_ctors)
/usr/local/CrossPack-AVR-20100115/lib/gcc/avr/4.3.3/avr5/libgcc.a(_fixunssfsi.o)
                              ./src/Wifimote.o (__fixunssfsi)
/usr/local/CrossPack-AVR-20100115/lib/gcc/avr/4.3.3/avr5/libgcc.a(_addsub_sf.o)
                              /Users/kovuthehusky/Projects/Wifimote/Wifimote/src/libArduino.a(Print.cpp.o) (__subsf3)
/usr/local/CrossPack-AVR-20100115/lib/gcc/avr/4.3.3/avr5/libgcc.a(_mul_sf.o)
                              ./src/Wifimote.o (__mulsf3)
/usr/local/CrossPack-AVR-20100115/lib/gcc/avr/4.3.3/avr5/libgcc.a(_div_sf.o)
                              ./src/Wifimote.o (__divsf3)
/usr/local/CrossPack-AVR-20100115/lib/gcc/avr/4.3.3/avr5/libgcc.a(_ge_sf.o)
                              /usr/local/CrossPack-AVR-20100115/lib/gcc/avr/4.3.3/avr5/libgcc.a(_fixunssfsi.o) (__gesf2)
/usr/local/CrossPack-AVR-20100115/lib/gcc/avr/4.3.3/avr5/libgcc.a(_lt_sf.o)
                              /Users/kovuthehusky/Projects/Wifimote/Wifimote/src/libArduino.a(Print.cpp.o) (__ltsf2)
/usr/local/CrossPack-AVR-20100115/lib/gcc/avr/4.3.3/avr5/libgcc.a(_si_to_sf.o)
                              /Users/kovuthehusky/Projects/Wifimote/Wifimote/src/libArduino.a(Print.cpp.o) (__floatsisf)
/usr/local/CrossPack-AVR-20100115/lib/gcc/avr/4.3.3/avr5/libgcc.a(_sf_to_si.o)
                              /Users/kovuthehusky/Projects/Wifimote/Wifimote/src/libArduino.a(Print.cpp.o) (__fixsfsi)
/usr/local/CrossPack-AVR-20100115/lib/gcc/avr/4.3.3/avr5/libgcc.a(_thenan_sf.o)
                              /usr/local/CrossPack-AVR-20100115/lib/gcc/avr/4.3.3/avr5/libgcc.a(_addsub_sf.o) (__thenan_sf)
/usr/local/CrossPack-AVR-20100115/lib/gcc/avr/4.3.3/avr5/libgcc.a(_usi_to_sf.o)
                              ./src/Wifimote.o (__floatunsisf)
/usr/local/CrossPack-AVR-20100115/lib/gcc/avr/4.3.3/avr5/libgcc.a(_udivmodhi4.o)
                              /usr/local/CrossPack-AVR-20100115/lib/gcc/avr/4.3.3/avr5/libgcc.a(_divmodhi4.o) (__udivmodhi4)
/usr/local/CrossPack-AVR-20100115/lib/gcc/avr/4.3.3/avr5/libgcc.a(_prologue.o)
                              /usr/local/CrossPack-AVR-20100115/lib/gcc/avr/4.3.3/avr5/libgcc.a(_addsub_sf.o) (__prologue_saves__)
/usr/local/CrossPack-AVR-20100115/lib/gcc/avr/4.3.3/avr5/libgcc.a(_epilogue.o)
                              /usr/local/CrossPack-AVR-20100115/lib/gcc/avr/4.3.3/avr5/libgcc.a(_addsub_sf.o) (__epilogue_restores__)
/usr/local/CrossPack-AVR-20100115/lib/gcc/avr/4.3.3/avr5/libgcc.a(_tablejump.o)
[...]
Memory Configuration

Name             Origin             Length             Attributes
text             0x00000000         0x00020000         xr
data             0x00800060         0x0000ffa0         rw !x
eeprom           0x00810000         0x00010000         rw !x
fuse             0x00820000         0x00000400         rw !x
lock             0x00830000         0x00000400         rw !x
signature        0x00840000         0x00000400         rw !x
*default*        0x00000000         0xffffffff

Linker script and memory map

Address of section .data set to 0x800100
LOAD /usr/local/CrossPack-AVR-20100115/lib/gcc/avr/4.3.3/../../../../avr/lib/avr5/crtm328p.o
LOAD ./src/Wifimote.o
LOAD ./src/main.o
LOAD /Users/kovuthehusky/Projects/Wifimote/Wifimote/src/libArduino.a
LOAD /usr/local/CrossPack-AVR-20100115/lib/gcc/avr/4.3.3/avr5/libgcc.a
LOAD /usr/local/CrossPack-AVR-20100115/lib/gcc/avr/4.3.3/../../../../avr/lib/avr5/libm.a
LOAD /usr/local/CrossPack-AVR-20100115/lib/gcc/avr/4.3.3/avr5/libgcc.a
LOAD /usr/local/CrossPack-AVR-20100115/lib/gcc/avr/4.3.3/../../../../avr/lib/avr5/libc.a
LOAD /usr/local/CrossPack-AVR-20100115/lib/gcc/avr/4.3.3/avr5/libgcc.a

.hash
 *(.hash)

.dynsym
 *(.dynsym)

.dynstr
 *(.dynstr)

.gnu.version
 *(.gnu.version)

.gnu.version_d
 *(.gnu.version_d)

.gnu.version_r
 *(.gnu.version_r)

.rel.init
 *(.rel.init)

.rela.init
 *(.rela.init)

.rel.text
 *(.rel.text)
 *(.rel.text.*)
 *(.rel.gnu.linkonce.t*)

.rela.text
 *(.rela.text)
 *(.rela.text.*)
 *(.rela.gnu.linkonce.t*)

.rel.fini
 *(.rel.fini)

.rela.fini
 *(.rela.fini)

.rel.rodata
 *(.rel.rodata)
 *(.rel.rodata.*)
 *(.rel.gnu.linkonce.r*)

.rela.rodata
 *(.rela.rodata)
 *(.rela.rodata.*)
 *(.rela.gnu.linkonce.r*)

.rel.data
 *(.rel.data)
 *(.rel.data.*)
 *(.rel.gnu.linkonce.d*)

.rela.data
 *(.rela.data)
 *(.rela.data.*)
 *(.rela.gnu.linkonce.d*)

.rel.ctors
 *(.rel.ctors)

.rela.ctors
 *(.rela.ctors)

.rel.dtors
 *(.rel.dtors)

.rela.dtors
 *(.rela.dtors)

.rel.got
 *(.rel.got)

.rela.got
 *(.rela.got)

.rel.bss
 *(.rel.bss)

.rela.bss
 *(.rela.bss)

.rel.plt
 *(.rel.plt)

.rela.plt
 *(.rela.plt)

.text           0x00000000     0x1bb4
 *(.vectors)
 .vectors       0x00000000       0x68 /usr/local/CrossPack-AVR-20100115/lib/gcc/avr/4.3.3/../../../../avr/lib/avr5/crtm328p.o
                0x00000000                __vectors
                0x00000000                __vector_default
 *(.vectors)
 *(.progmem.gcc*)
 *(.progmem*)
 .progmem.data  0x00000068       0x5a /Users/kovuthehusky/Projects/Wifimote/Wifimote/src/libArduino.a(wiring_digital.c.o)
                0x00000068                port_to_mode_PGM
                0x00000086                digital_pin_to_port_PGM
                0x0000009a                digital_pin_to_bit_mask_PGM
                0x00000072                port_to_output_PGM
                0x0000007c                port_to_input_PGM
                0x000000ae                digital_pin_to_timer_PGM
                0x000000c2                . = ALIGN (0x2)
                0x000000c2                __trampolines_start = .
 *(.trampolines)
 .trampolines   0x000000c2        0x0 linker stubs
 *(.trampolines*)
                0x000000c2                __trampolines_end = .
 *(.jumptables)
 *(.jumptables*)
 *(.lowtext)
 *(.lowtext*)
                0x000000c2                __ctors_start = .
 *(.ctors)
 .ctors         0x000000c2        0x2 /Users/kovuthehusky/Projects/Wifimote/Wifimote/src/libArduino.a(HardwareSerial.cpp.o)
                0x000000c4                __ctors_end = .
                0x000000c4                __dtors_start = .
 *(.dtors)
                0x000000c4                __dtors_end = .
 SORT(*)(.ctors)
 SORT(*)(.dtors)
 *(.init0)
 .init0         0x000000c4        0x0 /usr/local/CrossPack-AVR-20100115/lib/gcc/avr/4.3.3/../../../../avr/lib/avr5/crtm328p.o
                0x000000c4                __init
 *(.init0)
 *(.init1)
 *(.init1)
 *(.init2)
 .init2         0x000000c4        0xc /usr/local/CrossPack-AVR-20100115/lib/gcc/avr/4.3.3/../../../../avr/lib/avr5/crtm328p.o
 *(.init2)
 *(.init3)
 *(.init3)
 *(.init4)
 .init4         0x000000d0       0x16 /usr/local/CrossPack-AVR-20100115/lib/gcc/avr/4.3.3/avr5/libgcc.a(_copy_data.o)
                0x000000d0                __do_copy_data
 .init4         0x000000e6       0x10 /usr/local/CrossPack-AVR-20100115/lib/gcc/avr/4.3.3/avr5/libgcc.a(_clear_bss.o)
                0x000000e6                __do_clear_bss
 *(.init4)
 *(.init5)
 *(.init5)
 *(.init6)
 .init6         0x000000f6       0x16 /usr/local/CrossPack-AVR-20100115/lib/gcc/avr/4.3.3/avr5/libgcc.a(_ctors.o)
                0x000000f6                __do_global_ctors
 *(.init6)
 *(.init7)
 *(.init7)
 *(.init8)
 *(.init8)
 *(.init9)
 .init9         0x0000010c        0x8 /usr/local/CrossPack-AVR-20100115/lib/gcc/avr/4.3.3/../../../../avr/lib/avr5/crtm328p.o
 *(.init9)
 *(.text)
 .text          0x00000114        0x4 /usr/local/CrossPack-AVR-20100115/lib/gcc/avr/4.3.3/../../../../avr/lib/avr5/crtm328p.o
                0x00000114                __vector_22
                0x00000114                __vector_1
                0x00000114                __vector_24
                0x00000114                __vector_12
                0x00000114                __bad_interrupt
                0x00000114                __vector_6
                0x00000114                __vector_3
                0x00000114                __vector_23
                0x00000114                __vector_25
                0x00000114                __vector_11
                0x00000114                __vector_13
                0x00000114                __vector_17
                0x00000114                __vector_7
                0x00000114                __vector_5
                0x00000114                __vector_4
                0x00000114                __vector_9
                0x00000114                __vector_2
                0x00000114                __vector_21
                0x00000114                __vector_15
                0x00000114                __vector_8
                0x00000114                __vector_14
                0x00000114                __vector_10
                0x00000114                __vector_20
 .text          0x00000118       0x58 /usr/local/CrossPack-AVR-20100115/lib/gcc/avr/4.3.3/avr5/libgcc.a(_fixunssfsi.o)
                0x00000118                __fixunssfsi
 .text          0x00000170      0x354 /usr/local/CrossPack-AVR-20100115/lib/gcc/avr/4.3.3/avr5/libgcc.a(_addsub_sf.o)
                0x00000408                __subsf3
                0x0000046a                __addsf3
 .text          0x000004c4      0x1f4 /usr/local/CrossPack-AVR-20100115/lib/gcc/avr/4.3.3/avr5/libgcc.a(_mul_sf.o)
                0x000004c4                __mulsf3
 .text          0x000006b8      0x158 /usr/local/CrossPack-AVR-20100115/lib/gcc/avr/4.3.3/avr5/libgcc.a(_div_sf.o)
                0x000006b8                __divsf3
 .text          0x00000810       0x60 /usr/local/CrossPack-AVR-20100115/lib/gcc/avr/4.3.3/avr5/libgcc.a(_ge_sf.o)
                0x00000810                __gesf2
 .text          0x00000870       0xa8 /usr/local/CrossPack-AVR-20100115/lib/gcc/avr/4.3.3/avr5/libgcc.a(_sf_to_si.o)
                0x00000870                __fixsfsi
 .text          0x00000918       0xf2 /usr/local/CrossPack-AVR-20100115/lib/gcc/avr/4.3.3/avr5/libgcc.a(_usi_to_sf.o)
                0x00000918                __floatunsisf
 .text          0x00000a0a       0x9e /usr/local/CrossPack-AVR-20100115/lib/gcc/avr/4.3.3/avr5/libgcc.a(_clzsi2.o)
                0x00000a0a                __clzsi2
 .text          0x00000aa8      0x1aa /usr/local/CrossPack-AVR-20100115/lib/gcc/avr/4.3.3/avr5/libgcc.a(_pack_sf.o)
                0x00000aa8                __pack_f
 .text          0x00000c52       0xf0 /usr/local/CrossPack-AVR-20100115/lib/gcc/avr/4.3.3/avr5/libgcc.a(_unpack_sf.o)
                0x00000c52                __unpack_f
 .text          0x00000d42       0xb2 /usr/local/CrossPack-AVR-20100115/lib/gcc/avr/4.3.3/avr5/libgcc.a(_fpcmp_parts_sf.o)
                0x00000d42                __fpcmp_parts_f
                0x00000df4                . = ALIGN (0x2)
 *(.text.*)
 .text.loop     0x00000df4      0x26e ./src/Wifimote.o
                0x00000df4                loop
 .text.setup    0x00001062       0x4e ./src/Wifimote.o
                0x00001062                setup
 .text.main     0x000010b0       0x1e ./src/main.o
                0x000010b0                main
 .text.__vector_16
                0x000010ce       0x90 /Users/kovuthehusky/Projects/Wifimote/Wifimote/src/libArduino.a(wiring.c.o)
                0x000010ce                __vector_16
 .text.delayMicroseconds
                0x0000115e       0x14 /Users/kovuthehusky/Projects/Wifimote/Wifimote/src/libArduino.a(wiring.c.o)
                0x0000115e                delayMicroseconds
 .text.init     0x00001172       0x76 /Users/kovuthehusky/Projects/Wifimote/Wifimote/src/libArduino.a(wiring.c.o)
                0x00001172                init
 .text.pinMode  0x000011e8       0x4c /Users/kovuthehusky/Projects/Wifimote/Wifimote/src/libArduino.a(wiring_digital.c.o)
                0x000011e8                pinMode
 .text.digitalWrite
                0x00001234       0xa8 /Users/kovuthehusky/Projects/Wifimote/Wifimote/src/libArduino.a(wiring_digital.c.o)
                0x00001234                digitalWrite
 .text.digitalRead
                0x000012dc       0xa6 /Users/kovuthehusky/Projects/Wifimote/Wifimote/src/libArduino.a(wiring_digital.c.o)
                0x000012dc                digitalRead
 .text._Z11serialEventv
                0x00001382        0x2 /Users/kovuthehusky/Projects/Wifimote/Wifimote/src/libArduino.a(HardwareSerial.cpp.o)
                0x00001382                serialEvent()
 .text.__vector_18
                0x00001384       0x68 /Users/kovuthehusky/Projects/Wifimote/Wifimote/src/libArduino.a(HardwareSerial.cpp.o)
                0x00001384                __vector_18
 .text._Z14serialEventRunv
                0x000013ec       0x26 /Users/kovuthehusky/Projects/Wifimote/Wifimote/src/libArduino.a(HardwareSerial.cpp.o)
                0x000013ec                serialEventRun()
 .text.__vector_19
                0x00001412       0x92 /Users/kovuthehusky/Projects/Wifimote/Wifimote/src/libArduino.a(HardwareSerial.cpp.o)
                0x00001412                __vector_19
 .text._ZN14HardwareSerial5beginEm
                0x000014a4      0x10c /Users/kovuthehusky/Projects/Wifimote/Wifimote/src/libArduino.a(HardwareSerial.cpp.o)
                0x000014a4                HardwareSerial::begin(unsigned long)
 .text._ZN14HardwareSerial9availableEv
                0x000015b0       0x22 /Users/kovuthehusky/Projects/Wifimote/Wifimote/src/libArduino.a(HardwareSerial.cpp.o)
                0x000015b0                HardwareSerial::available()
 .text._ZN14HardwareSerial4peekEv
                0x000015d2       0x40 /Users/kovuthehusky/Projects/Wifimote/Wifimote/src/libArduino.a(HardwareSerial.cpp.o)
                0x000015d2                HardwareSerial::peek()
 .text._ZN14HardwareSerial4readEv
                0x00001612       0x52 /Users/kovuthehusky/Projects/Wifimote/Wifimote/src/libArduino.a(HardwareSerial.cpp.o)
                0x00001612                HardwareSerial::read()
 .text._ZN14HardwareSerial5flushEv
                0x00001664       0x24 /Users/kovuthehusky/Projects/Wifimote/Wifimote/src/libArduino.a(HardwareSerial.cpp.o)
                0x00001664                HardwareSerial::flush()
 .text._ZN14HardwareSerial5writeEh
                0x00001688       0x78 /Users/kovuthehusky/Projects/Wifimote/Wifimote/src/libArduino.a(HardwareSerial.cpp.o)
                0x00001688                HardwareSerial::write(unsigned char)
 .text._GLOBAL__I_rx_buffer
                0x00001700       0xa0 /Users/kovuthehusky/Projects/Wifimote/Wifimote/src/libArduino.a(HardwareSerial.cpp.o)
 .text._ZN5Print5writeEPKhj
                0x000017a0       0x54 /Users/kovuthehusky/Projects/Wifimote/Wifimote/src/libArduino.a(Print.cpp.o)
                0x000017a0                Print::write(unsigned char const*, unsigned int)
 .text._ZN5Print7printlnEv
                0x000017f4       0x40 /Users/kovuthehusky/Projects/Wifimote/Wifimote/src/libArduino.a(Print.cpp.o)
                0x000017f4                Print::println()
 .text._ZN5Print5writeEPKc
                0x00001834       0x28 /Users/kovuthehusky/Projects/Wifimote/Wifimote/src/libArduino.a(Print.cpp.o)
                0x00001834                Print::write(char const*)
 .text._ZN5Print11printNumberEmh
                0x0000185c       0xc8 /Users/kovuthehusky/Projects/Wifimote/Wifimote/src/libArduino.a(Print.cpp.o)
                0x0000185c                Print::printNumber(unsigned long, unsigned char)
 .text._ZN5Print5printEmi
                0x00001924       0x1e /Users/kovuthehusky/Projects/Wifimote/Wifimote/src/libArduino.a(Print.cpp.o)
                0x00001924                Print::print(unsigned long, int)
 .text._ZN5Print7printlnEji
                0x00001942       0x3a /Users/kovuthehusky/Projects/Wifimote/Wifimote/src/libArduino.a(Print.cpp.o)
                0x00001942                Print::println(unsigned int, int)
 .text._ZN5Print5printEli
                0x0000197c       0x80 /Users/kovuthehusky/Projects/Wifimote/Wifimote/src/libArduino.a(Print.cpp.o)
                0x0000197c                Print::print(long, int)
 .text._ZN5Print7printlnEii
                0x000019fc       0x3e /Users/kovuthehusky/Projects/Wifimote/Wifimote/src/libArduino.a(Print.cpp.o)
                0x000019fc                Print::println(int, int)
 .text._ZN5Print5printEPKc
                0x00001a3a        0x6 /Users/kovuthehusky/Projects/Wifimote/Wifimote/src/libArduino.a(Print.cpp.o)
                0x00001a3a                Print::print(char const*)
 .text._ZN5Print7printlnEPKc
                0x00001a40       0x26 /Users/kovuthehusky/Projects/Wifimote/Wifimote/src/libArduino.a(Print.cpp.o)
                0x00001a40                Print::println(char const*)
 .text.libgcc   0x00001a66       0x3e /usr/local/CrossPack-AVR-20100115/lib/gcc/avr/4.3.3/avr5/libgcc.a(_mulsi3.o)
                0x00001a66                __mulsi3
 .text.libgcc   0x00001aa4       0x26 /usr/local/CrossPack-AVR-20100115/lib/gcc/avr/4.3.3/avr5/libgcc.a(_divmodhi4.o)
                0x00001aa4                __divmodhi4
                0x00001aa4                _div
 .text.libgcc   0x00001aca       0x44 /usr/local/CrossPack-AVR-20100115/lib/gcc/avr/4.3.3/avr5/libgcc.a(_udivmodsi4.o)
                0x00001aca                __udivmodsi4
 .text.libgcc   0x00001b0e       0x28 /usr/local/CrossPack-AVR-20100115/lib/gcc/avr/4.3.3/avr5/libgcc.a(_udivmodhi4.o)
                0x00001b0e                __udivmodhi4
 .text.libgcc   0x00001b36       0x38 /usr/local/CrossPack-AVR-20100115/lib/gcc/avr/4.3.3/avr5/libgcc.a(_prologue.o)
                0x00001b36                __prologue_saves__
 .text.libgcc   0x00001b6e       0x36 /usr/local/CrossPack-AVR-20100115/lib/gcc/avr/4.3.3/avr5/libgcc.a(_epilogue.o)
                0x00001b6e                __epilogue_restores__
 .text.libgcc   0x00001ba4        0xc /usr/local/CrossPack-AVR-20100115/lib/gcc/avr/4.3.3/avr5/libgcc.a(_tablejump.o)
                0x00001ba8                __tablejump__
                0x00001ba4                __tablejump2__
                0x00001bb0                . = ALIGN (0x2)
 *(.fini9)
 .fini9         0x00001bb0        0x0 /usr/local/CrossPack-AVR-20100115/lib/gcc/avr/4.3.3/avr5/libgcc.a(_exit.o)
                0x00001bb0                exit
                0x00001bb0                _exit
 *(.fini9)
 *(.fini8)
 *(.fini8)
 *(.fini7)
 *(.fini7)
 *(.fini6)
 *(.fini6)
 *(.fini5)
 *(.fini5)
 *(.fini4)
 *(.fini4)
 *(.fini3)
 *(.fini3)
 *(.fini2)
 *(.fini2)
 *(.fini1)
 *(.fini1)
 *(.fini0)
 .fini0         0x00001bb0        0x4 /usr/local/CrossPack-AVR-20100115/lib/gcc/avr/4.3.3/avr5/libgcc.a(_exit.o)
 *(.fini0)
                0x00001bb4                _etext = .

.data           0x00800100      0x424 load address 0x00001bb4
                0x00800100                PROVIDE (__data_start, .)
 *(.data)
 .data          0x00800100      0x138 ./src/Wifimote.o
 .data          0x00800238        0x8 /usr/local/CrossPack-AVR-20100115/lib/gcc/avr/4.3.3/avr5/libgcc.a(_thenan_sf.o)
                0x00800238                __thenan_sf
 .data          0x00800240      0x100 /usr/local/CrossPack-AVR-20100115/lib/gcc/avr/4.3.3/avr5/libgcc.a(_clz.o)
                0x00800240                __clz_tab
 *(.data*)
 .data.cmd      0x00800340      0x1d4 ./src/Wifimote.o
                0x00800340                cmd
 *(.rodata)
 *(.rodata*)
 .rodata._ZTV14HardwareSerial
                0x00800514       0x10 /Users/kovuthehusky/Projects/Wifimote/Wifimote/src/libArduino.a(HardwareSerial.cpp.o)
                0x00800514                vtable for HardwareSerial
 *(.gnu.linkonce.d*)
                0x00800524                . = ALIGN (0x2)
                0x00800524                _edata = .
                0x00800524                PROVIDE (__data_end, .)

.bss            0x00800524       0xb0
                0x00800524                PROVIDE (__bss_start, .)
 *(.bss)
 *(.bss*)
 .bss.timer0_overflow_count
                0x00800524        0x4 /Users/kovuthehusky/Projects/Wifimote/Wifimote/src/libArduino.a(wiring.c.o)
                0x00800524                timer0_overflow_count
 .bss.timer0_millis
                0x00800528        0x4 /Users/kovuthehusky/Projects/Wifimote/Wifimote/src/libArduino.a(wiring.c.o)
                0x00800528                timer0_millis
 .bss.timer0_fract
                0x0080052c        0x1 /Users/kovuthehusky/Projects/Wifimote/Wifimote/src/libArduino.a(wiring.c.o)
 .bss.rx_buffer
                0x0080052d       0x44 /Users/kovuthehusky/Projects/Wifimote/Wifimote/src/libArduino.a(HardwareSerial.cpp.o)
                0x0080052d                rx_buffer
 .bss.tx_buffer
                0x00800571       0x44 /Users/kovuthehusky/Projects/Wifimote/Wifimote/src/libArduino.a(HardwareSerial.cpp.o)
                0x00800571                tx_buffer
 .bss.Serial    0x008005b5       0x1f /Users/kovuthehusky/Projects/Wifimote/Wifimote/src/libArduino.a(HardwareSerial.cpp.o)
                0x008005b5                Serial
 *(COMMON)
                0x008005d4                PROVIDE (__bss_end, .)
                0x00001bb4                __data_load_start = LOADADDR (.data)
                0x00001fd8                __data_load_end = (__data_load_start + SIZEOF (.data))

.noinit         0x008005d4        0x0
                0x008005d4                PROVIDE (__noinit_start, .)
 *(.noinit*)
                0x008005d4                PROVIDE (__noinit_end, .)
                0x008005d4                _end = .
                0x008005d4                PROVIDE (__heap_start, .)

.eeprom         0x00810000        0x0
 *(.eeprom*)
                0x00810000                __eeprom_end = .

.fuse
 *(.fuse)
 *(.lfuse)
 *(.hfuse)
 *(.efuse)

.lock
 *(.lock*)

.signature
 *(.signature*)

.stab           0x00000000     0x1ff8
 *(.stab)
 .stab          0x00000000      0x6b4 /usr/local/CrossPack-AVR-20100115/lib/gcc/avr/4.3.3/../../../../avr/lib/avr5/crtm328p.o
 .stab          0x000006b4      0x864 ./src/Wifimote.o
                                0x8d0 (size before relaxing)
 .stab          0x00000f18      0x5e8 ./src/main.o
                                0x5f4 (size before relaxing)
 .stab          0x00001500      0x1e0 /usr/local/CrossPack-AVR-20100115/lib/gcc/avr/4.3.3/../../../../avr/lib/avr5/libc.a(atol.o)
                                0x1ec (size before relaxing)
 .stab          0x000016e0       0x18 /usr/local/CrossPack-AVR-20100115/lib/gcc/avr/4.3.3/../../../../avr/lib/avr5/libc.a(isspace.o)
                                 0xa8 (size before relaxing)
 .stab          0x000016f8       0x18 /usr/local/CrossPack-AVR-20100115/lib/gcc/avr/4.3.3/../../../../avr/lib/avr5/libc.a(tolower.o)
                                 0xa8 (size before relaxing)
 .stab          0x00001710       0x18 /usr/local/CrossPack-AVR-20100115/lib/gcc/avr/4.3.3/../../../../avr/lib/avr5/libc.a(toupper.o)
                                 0xa8 (size before relaxing)
 .stab          0x00001728       0x84 /usr/local/CrossPack-AVR-20100115/lib/gcc/avr/4.3.3/../../../../avr/lib/avr5/libc.a(memcpy.o)
                                 0x90 (size before relaxing)
 .stab          0x000017ac       0xe4 /usr/local/CrossPack-AVR-20100115/lib/gcc/avr/4.3.3/../../../../avr/lib/avr5/libc.a(memmove.o)
                                 0xf0 (size before relaxing)
 .stab          0x00001890       0x9c /usr/local/CrossPack-AVR-20100115/lib/gcc/avr/4.3.3/../../../../avr/lib/avr5/libc.a(strchr.o)
                                 0xa8 (size before relaxing)
 .stab          0x0000192c       0x84 /usr/local/CrossPack-AVR-20100115/lib/gcc/avr/4.3.3/../../../../avr/lib/avr5/libc.a(strcmp.o)
                                 0x90 (size before relaxing)
 .stab          0x000019b0       0x6c /usr/local/CrossPack-AVR-20100115/lib/gcc/avr/4.3.3/../../../../avr/lib/avr5/libc.a(strcpy.o)
                                 0x78 (size before relaxing)
 .stab          0x00001a1c       0xc0 /usr/local/CrossPack-AVR-20100115/lib/gcc/avr/4.3.3/../../../../avr/lib/avr5/libc.a(strncmp.o)
                                 0xcc (size before relaxing)
 .stab          0x00001adc       0xcc /usr/local/CrossPack-AVR-20100115/lib/gcc/avr/4.3.3/../../../../avr/lib/avr5/libc.a(strncpy.o)
                                 0xd8 (size before relaxing)
 .stab          0x00001ba8       0x9c /usr/local/CrossPack-AVR-20100115/lib/gcc/avr/4.3.3/../../../../avr/lib/avr5/libc.a(strrchr.o)
                                 0xa8 (size before relaxing)
 .stab          0x00001c44      0x150 /usr/local/CrossPack-AVR-20100115/lib/gcc/avr/4.3.3/../../../../avr/lib/avr5/libc.a(strstr.o)
                                0x15c (size before relaxing)
 .stab          0x00001d94       0x18 /usr/local/CrossPack-AVR-20100115/lib/gcc/avr/4.3.3/../../../../avr/lib/avr5/libc.a(itoa.o)
                                0x1bc (size before relaxing)
 .stab          0x00001dac       0x18 /usr/local/CrossPack-AVR-20100115/lib/gcc/avr/4.3.3/../../../../avr/lib/avr5/libc.a(ltoa.o)
                                0x2a0 (size before relaxing)
 .stab          0x00001dc4      0x114 /usr/local/CrossPack-AVR-20100115/lib/gcc/avr/4.3.3/../../../../avr/lib/avr5/libc.a(mulsi10.o)
                                0x120 (size before relaxing)
 .stab          0x00001ed8       0x18 /usr/local/CrossPack-AVR-20100115/lib/gcc/avr/4.3.3/../../../../avr/lib/avr5/libc.a(ultoa.o)
                                0x1ec (size before relaxing)
 .stab          0x00001ef0       0x18 /usr/local/CrossPack-AVR-20100115/lib/gcc/avr/4.3.3/../../../../avr/lib/avr5/libc.a(utoa.o)
                                0x138 (size before relaxing)
 .stab          0x00001f08       0x18 /usr/local/CrossPack-AVR-20100115/lib/gcc/avr/4.3.3/../../../../avr/lib/avr5/libc.a(cty_isfalse.o)
                                 0x6c (size before relaxing)
 .stab          0x00001f20       0xd8 /usr/local/CrossPack-AVR-20100115/lib/gcc/avr/4.3.3/../../../../avr/lib/avr5/libc.a(strrev.o)
                                 0xe4 (size before relaxing)

.stabstr        0x00000000     0x153a
 *(.stabstr)
 .stabstr       0x00000000     0x153a /usr/local/CrossPack-AVR-20100115/lib/gcc/avr/4.3.3/../../../../avr/lib/avr5/crtm328p.o

.stab.excl
 *(.stab.excl)

.stab.exclstr
 *(.stab.exclstr)

.stab.index
 *(.stab.index)

.stab.indexstr
 *(.stab.indexstr)

.comment
 *(.comment)

.debug
 *(.debug)

.line
 *(.line)

.debug_srcinfo
 *(.debug_srcinfo)

.debug_sfnames
 *(.debug_sfnames)

.debug_aranges  0x00000000      0x680
 *(.debug_aranges)
 .debug_aranges
                0x00000000       0x48 /Users/kovuthehusky/Projects/Wifimote/Wifimote/src/libArduino.a(wiring.c.o)
 .debug_aranges
                0x00000048       0x30 /Users/kovuthehusky/Projects/Wifimote/Wifimote/src/libArduino.a(wiring_digital.c.o)
 .debug_aranges
                0x00000078       0x88 /Users/kovuthehusky/Projects/Wifimote/Wifimote/src/libArduino.a(HardwareSerial.cpp.o)
 .debug_aranges
                0x00000100       0x48 /Users/kovuthehusky/Projects/Wifimote/Wifimote/src/libArduino.a(new.cpp.o)
 .debug_aranges
                0x00000148       0xf0 /Users/kovuthehusky/Projects/Wifimote/Wifimote/src/libArduino.a(Print.cpp.o)
 .debug_aranges
                0x00000238      0x260 /Users/kovuthehusky/Projects/Wifimote/Wifimote/src/libArduino.a(WString.cpp.o)
 .debug_aranges
                0x00000498       0x20 /usr/local/CrossPack-AVR-20100115/lib/gcc/avr/4.3.3/avr5/libgcc.a(_fixunssfsi.o)
 .debug_aranges
                0x000004b8       0x20 /usr/local/CrossPack-AVR-20100115/lib/gcc/avr/4.3.3/avr5/libgcc.a(_addsub_sf.o)
 .debug_aranges
                0x000004d8       0x20 /usr/local/CrossPack-AVR-20100115/lib/gcc/avr/4.3.3/avr5/libgcc.a(_mul_sf.o)
 .debug_aranges
                0x000004f8       0x20 /usr/local/CrossPack-AVR-20100115/lib/gcc/avr/4.3.3/avr5/libgcc.a(_div_sf.o)
 .debug_aranges
                0x00000518       0x20 /usr/local/CrossPack-AVR-20100115/lib/gcc/avr/4.3.3/avr5/libgcc.a(_ge_sf.o)
 .debug_aranges
                0x00000538       0x20 /usr/local/CrossPack-AVR-20100115/lib/gcc/avr/4.3.3/avr5/libgcc.a(_lt_sf.o)
 .debug_aranges
                0x00000558       0x20 /usr/local/CrossPack-AVR-20100115/lib/gcc/avr/4.3.3/avr5/libgcc.a(_si_to_sf.o)
 .debug_aranges
                0x00000578       0x20 /usr/local/CrossPack-AVR-20100115/lib/gcc/avr/4.3.3/avr5/libgcc.a(_sf_to_si.o)
 .debug_aranges
                0x00000598       0x20 /usr/local/CrossPack-AVR-20100115/lib/gcc/avr/4.3.3/avr5/libgcc.a(_usi_to_sf.o)
 .debug_aranges
                0x000005b8       0x20 /usr/local/CrossPack-AVR-20100115/lib/gcc/avr/4.3.3/avr5/libgcc.a(_clzsi2.o)
 .debug_aranges
                0x000005d8       0x20 /usr/local/CrossPack-AVR-20100115/lib/gcc/avr/4.3.3/avr5/libgcc.a(_pack_sf.o)
 .debug_aranges
                0x000005f8       0x20 /usr/local/CrossPack-AVR-20100115/lib/gcc/avr/4.3.3/avr5/libgcc.a(_unpack_sf.o)
 .debug_aranges
                0x00000618       0x20 /usr/local/CrossPack-AVR-20100115/lib/gcc/avr/4.3.3/avr5/libgcc.a(_fpcmp_parts_sf.o)
 .debug_aranges
                0x00000638       0x28 /usr/local/CrossPack-AVR-20100115/lib/gcc/avr/4.3.3/../../../../avr/lib/avr5/libc.a(malloc.o)
 .debug_aranges
                0x00000660       0x20 /usr/local/CrossPack-AVR-20100115/lib/gcc/avr/4.3.3/../../../../avr/lib/avr5/libc.a(realloc.o)

.debug_pubnames
                0x00000000      0xdc5
 *(.debug_pubnames)
 .debug_pubnames
                0x00000000       0x8d /Users/kovuthehusky/Projects/Wifimote/Wifimote/src/libArduino.a(wiring.c.o)
 .debug_pubnames
                0x0000008d       0xda /Users/kovuthehusky/Projects/Wifimote/Wifimote/src/libArduino.a(wiring_digital.c.o)
 .debug_pubnames
                0x00000167      0x178 /Users/kovuthehusky/Projects/Wifimote/Wifimote/src/libArduino.a(HardwareSerial.cpp.o)
 .debug_pubnames
                0x000002df       0x94 /Users/kovuthehusky/Projects/Wifimote/Wifimote/src/libArduino.a(new.cpp.o)
 .debug_pubnames
                0x00000373      0x200 /Users/kovuthehusky/Projects/Wifimote/Wifimote/src/libArduino.a(Print.cpp.o)
 .debug_pubnames
                0x00000573      0x5bf /Users/kovuthehusky/Projects/Wifimote/Wifimote/src/libArduino.a(WString.cpp.o)
 .debug_pubnames
                0x00000b32       0x23 /usr/local/CrossPack-AVR-20100115/lib/gcc/avr/4.3.3/avr5/libgcc.a(_fixunssfsi.o)
 .debug_pubnames
                0x00000b55       0x2c /usr/local/CrossPack-AVR-20100115/lib/gcc/avr/4.3.3/avr5/libgcc.a(_addsub_sf.o)
 .debug_pubnames
                0x00000b81       0x1f /usr/local/CrossPack-AVR-20100115/lib/gcc/avr/4.3.3/avr5/libgcc.a(_mul_sf.o)
 .debug_pubnames
                0x00000ba0       0x1f /usr/local/CrossPack-AVR-20100115/lib/gcc/avr/4.3.3/avr5/libgcc.a(_div_sf.o)
 .debug_pubnames
                0x00000bbf       0x1e /usr/local/CrossPack-AVR-20100115/lib/gcc/avr/4.3.3/avr5/libgcc.a(_ge_sf.o)
 .debug_pubnames
                0x00000bdd       0x1e /usr/local/CrossPack-AVR-20100115/lib/gcc/avr/4.3.3/avr5/libgcc.a(_lt_sf.o)
 .debug_pubnames
                0x00000bfb       0x22 /usr/local/CrossPack-AVR-20100115/lib/gcc/avr/4.3.3/avr5/libgcc.a(_si_to_sf.o)
 .debug_pubnames
                0x00000c1d       0x20 /usr/local/CrossPack-AVR-20100115/lib/gcc/avr/4.3.3/avr5/libgcc.a(_sf_to_si.o)
 .debug_pubnames
                0x00000c3d       0x22 /usr/local/CrossPack-AVR-20100115/lib/gcc/avr/4.3.3/avr5/libgcc.a(_thenan_sf.o)
 .debug_pubnames
                0x00000c5f       0x24 /usr/local/CrossPack-AVR-20100115/lib/gcc/avr/4.3.3/avr5/libgcc.a(_usi_to_sf.o)
 .debug_pubnames
                0x00000c83       0x1f /usr/local/CrossPack-AVR-20100115/lib/gcc/avr/4.3.3/avr5/libgcc.a(_clzsi2.o)
 .debug_pubnames
                0x00000ca2       0x1f /usr/local/CrossPack-AVR-20100115/lib/gcc/avr/4.3.3/avr5/libgcc.a(_pack_sf.o)
 .debug_pubnames
                0x00000cc1       0x21 /usr/local/CrossPack-AVR-20100115/lib/gcc/avr/4.3.3/avr5/libgcc.a(_unpack_sf.o)
 .debug_pubnames
                0x00000ce2       0x26 /usr/local/CrossPack-AVR-20100115/lib/gcc/avr/4.3.3/avr5/libgcc.a(_fpcmp_parts_sf.o)
 .debug_pubnames
                0x00000d08       0x20 /usr/local/CrossPack-AVR-20100115/lib/gcc/avr/4.3.3/avr5/libgcc.a(_clz.o)
 .debug_pubnames
                0x00000d28       0x7f /usr/local/CrossPack-AVR-20100115/lib/gcc/avr/4.3.3/../../../../avr/lib/avr5/libc.a(malloc.o)
 .debug_pubnames
                0x00000da7       0x1e /usr/local/CrossPack-AVR-20100115/lib/gcc/avr/4.3.3/../../../../avr/lib/avr5/libc.a(realloc.o)

.debug_info     0x00000000     0x7a3c
 *(.debug_info)
 .debug_info    0x00000000      0x31c /Users/kovuthehusky/Projects/Wifimote/Wifimote/src/libArduino.a(wiring.c.o)
 .debug_info    0x0000031c      0x53c /Users/kovuthehusky/Projects/Wifimote/Wifimote/src/libArduino.a(wiring_digital.c.o)
 .debug_info    0x00000858      0xd1b /Users/kovuthehusky/Projects/Wifimote/Wifimote/src/libArduino.a(HardwareSerial.cpp.o)
 .debug_info    0x00001573      0x13b /Users/kovuthehusky/Projects/Wifimote/Wifimote/src/libArduino.a(new.cpp.o)
 .debug_info    0x000016ae     0x1a8d /Users/kovuthehusky/Projects/Wifimote/Wifimote/src/libArduino.a(Print.cpp.o)
 .debug_info    0x0000313b     0x21c5 /Users/kovuthehusky/Projects/Wifimote/Wifimote/src/libArduino.a(WString.cpp.o)
 .debug_info    0x00005300       0xb1 /usr/local/CrossPack-AVR-20100115/lib/gcc/avr/4.3.3/avr5/libgcc.a(_fixunssfsi.o)
 .debug_info    0x000053b1      0x47a /usr/local/CrossPack-AVR-20100115/lib/gcc/avr/4.3.3/avr5/libgcc.a(_addsub_sf.o)
 .debug_info    0x0000582b      0x485 /usr/local/CrossPack-AVR-20100115/lib/gcc/avr/4.3.3/avr5/libgcc.a(_mul_sf.o)
 .debug_info    0x00005cb0      0x3fc /usr/local/CrossPack-AVR-20100115/lib/gcc/avr/4.3.3/avr5/libgcc.a(_div_sf.o)
 .debug_info    0x000060ac      0x27f /usr/local/CrossPack-AVR-20100115/lib/gcc/avr/4.3.3/avr5/libgcc.a(_ge_sf.o)
 .debug_info    0x0000632b      0x27f /usr/local/CrossPack-AVR-20100115/lib/gcc/avr/4.3.3/avr5/libgcc.a(_lt_sf.o)
 .debug_info    0x000065aa      0x207 /usr/local/CrossPack-AVR-20100115/lib/gcc/avr/4.3.3/avr5/libgcc.a(_si_to_sf.o)
 .debug_info    0x000067b1      0x2b0 /usr/local/CrossPack-AVR-20100115/lib/gcc/avr/4.3.3/avr5/libgcc.a(_sf_to_si.o)
 .debug_info    0x00006a61      0x12c /usr/local/CrossPack-AVR-20100115/lib/gcc/avr/4.3.3/avr5/libgcc.a(_thenan_sf.o)
 .debug_info    0x00006b8d      0x206 /usr/local/CrossPack-AVR-20100115/lib/gcc/avr/4.3.3/avr5/libgcc.a(_usi_to_sf.o)
 .debug_info    0x00006d93      0x117 /usr/local/CrossPack-AVR-20100115/lib/gcc/avr/4.3.3/avr5/libgcc.a(_clzsi2.o)
 .debug_info    0x00006eaa      0x2df /usr/local/CrossPack-AVR-20100115/lib/gcc/avr/4.3.3/avr5/libgcc.a(_pack_sf.o)
 .debug_info    0x00007189      0x251 /usr/local/CrossPack-AVR-20100115/lib/gcc/avr/4.3.3/avr5/libgcc.a(_unpack_sf.o)
 .debug_info    0x000073da      0x210 /usr/local/CrossPack-AVR-20100115/lib/gcc/avr/4.3.3/avr5/libgcc.a(_fpcmp_parts_sf.o)
 .debug_info    0x000075ea       0xa9 /usr/local/CrossPack-AVR-20100115/lib/gcc/avr/4.3.3/avr5/libgcc.a(_clz.o)
 .debug_info    0x00007693      0x208 /usr/local/CrossPack-AVR-20100115/lib/gcc/avr/4.3.3/../../../../avr/lib/avr5/libc.a(malloc.o)
 .debug_info    0x0000789b      0x1a1 /usr/local/CrossPack-AVR-20100115/lib/gcc/avr/4.3.3/../../../../avr/lib/avr5/libc.a(realloc.o)
 *(.gnu.linkonce.wi.*)

.debug_abbrev   0x00000000     0x23ac
 *(.debug_abbrev)
 .debug_abbrev  0x00000000      0x17d /Users/kovuthehusky/Projects/Wifimote/Wifimote/src/libArduino.a(wiring.c.o)
 .debug_abbrev  0x0000017d      0x177 /Users/kovuthehusky/Projects/Wifimote/Wifimote/src/libArduino.a(wiring_digital.c.o)
 .debug_abbrev  0x000002f4      0x3f6 /Users/kovuthehusky/Projects/Wifimote/Wifimote/src/libArduino.a(HardwareSerial.cpp.o)
 .debug_abbrev  0x000006ea       0xdd /Users/kovuthehusky/Projects/Wifimote/Wifimote/src/libArduino.a(new.cpp.o)
 .debug_abbrev  0x000007c7      0x336 /Users/kovuthehusky/Projects/Wifimote/Wifimote/src/libArduino.a(Print.cpp.o)
 .debug_abbrev  0x00000afd      0x343 /Users/kovuthehusky/Projects/Wifimote/Wifimote/src/libArduino.a(WString.cpp.o)
 .debug_abbrev  0x00000e40       0x5d /usr/local/CrossPack-AVR-20100115/lib/gcc/avr/4.3.3/avr5/libgcc.a(_fixunssfsi.o)
 .debug_abbrev  0x00000e9d      0x1ea /usr/local/CrossPack-AVR-20100115/lib/gcc/avr/4.3.3/avr5/libgcc.a(_addsub_sf.o)
 .debug_abbrev  0x00001087      0x21b /usr/local/CrossPack-AVR-20100115/lib/gcc/avr/4.3.3/avr5/libgcc.a(_mul_sf.o)
 .debug_abbrev  0x000012a2      0x216 /usr/local/CrossPack-AVR-20100115/lib/gcc/avr/4.3.3/avr5/libgcc.a(_div_sf.o)
 .debug_abbrev  0x000014b8      0x15a /usr/local/CrossPack-AVR-20100115/lib/gcc/avr/4.3.3/avr5/libgcc.a(_ge_sf.o)
 .debug_abbrev  0x00001612      0x15a /usr/local/CrossPack-AVR-20100115/lib/gcc/avr/4.3.3/avr5/libgcc.a(_lt_sf.o)
 .debug_abbrev  0x0000176c      0x148 /usr/local/CrossPack-AVR-20100115/lib/gcc/avr/4.3.3/avr5/libgcc.a(_si_to_sf.o)
 .debug_abbrev  0x000018b4      0x17f /usr/local/CrossPack-AVR-20100115/lib/gcc/avr/4.3.3/avr5/libgcc.a(_sf_to_si.o)
 .debug_abbrev  0x00001a33       0xad /usr/local/CrossPack-AVR-20100115/lib/gcc/avr/4.3.3/avr5/libgcc.a(_thenan_sf.o)
 .debug_abbrev  0x00001ae0      0x157 /usr/local/CrossPack-AVR-20100115/lib/gcc/avr/4.3.3/avr5/libgcc.a(_usi_to_sf.o)
 .debug_abbrev  0x00001c37       0xc4 /usr/local/CrossPack-AVR-20100115/lib/gcc/avr/4.3.3/avr5/libgcc.a(_clzsi2.o)
 .debug_abbrev  0x00001cfb      0x1c0 /usr/local/CrossPack-AVR-20100115/lib/gcc/avr/4.3.3/avr5/libgcc.a(_pack_sf.o)
 .debug_abbrev  0x00001ebb      0x154 /usr/local/CrossPack-AVR-20100115/lib/gcc/avr/4.3.3/avr5/libgcc.a(_unpack_sf.o)
 .debug_abbrev  0x0000200f      0x13b /usr/local/CrossPack-AVR-20100115/lib/gcc/avr/4.3.3/avr5/libgcc.a(_fpcmp_parts_sf.o)
 .debug_abbrev  0x0000214a       0x6a /usr/local/CrossPack-AVR-20100115/lib/gcc/avr/4.3.3/avr5/libgcc.a(_clz.o)
 .debug_abbrev  0x000021b4      0x10f /usr/local/CrossPack-AVR-20100115/lib/gcc/avr/4.3.3/../../../../avr/lib/avr5/libc.a(malloc.o)
 .debug_abbrev  0x000022c3       0xe9 /usr/local/CrossPack-AVR-20100115/lib/gcc/avr/4.3.3/../../../../avr/lib/avr5/libc.a(realloc.o)

.debug_line     0x00000000     0x3f2a
 *(.debug_line)
 .debug_line    0x00000000      0x407 /Users/kovuthehusky/Projects/Wifimote/Wifimote/src/libArduino.a(wiring.c.o)
 .debug_line    0x00000407      0x33b /Users/kovuthehusky/Projects/Wifimote/Wifimote/src/libArduino.a(wiring_digital.c.o)
 .debug_line    0x00000742      0x6a0 /Users/kovuthehusky/Projects/Wifimote/Wifimote/src/libArduino.a(HardwareSerial.cpp.o)
 .debug_line    0x00000de2      0x1c4 /Users/kovuthehusky/Projects/Wifimote/Wifimote/src/libArduino.a(new.cpp.o)
 .debug_line    0x00000fa6      0x7ec /Users/kovuthehusky/Projects/Wifimote/Wifimote/src/libArduino.a(Print.cpp.o)
 .debug_line    0x00001792     0x1125 /Users/kovuthehusky/Projects/Wifimote/Wifimote/src/libArduino.a(WString.cpp.o)
 .debug_line    0x000028b7       0x9d /usr/local/CrossPack-AVR-20100115/lib/gcc/avr/4.3.3/avr5/libgcc.a(_fixunssfsi.o)
 .debug_line    0x00002954      0x2a5 /usr/local/CrossPack-AVR-20100115/lib/gcc/avr/4.3.3/avr5/libgcc.a(_addsub_sf.o)
 .debug_line    0x00002bf9      0x22f /usr/local/CrossPack-AVR-20100115/lib/gcc/avr/4.3.3/avr5/libgcc.a(_mul_sf.o)
 .debug_line    0x00002e28      0x1cb /usr/local/CrossPack-AVR-20100115/lib/gcc/avr/4.3.3/avr5/libgcc.a(_div_sf.o)
 .debug_line    0x00002ff3       0xc9 /usr/local/CrossPack-AVR-20100115/lib/gcc/avr/4.3.3/avr5/libgcc.a(_ge_sf.o)
 .debug_line    0x000030bc       0xc9 /usr/local/CrossPack-AVR-20100115/lib/gcc/avr/4.3.3/avr5/libgcc.a(_lt_sf.o)
 .debug_line    0x00003185      0x12b /usr/local/CrossPack-AVR-20100115/lib/gcc/avr/4.3.3/avr5/libgcc.a(_si_to_sf.o)
 .debug_line    0x000032b0       0xff /usr/local/CrossPack-AVR-20100115/lib/gcc/avr/4.3.3/avr5/libgcc.a(_sf_to_si.o)
 .debug_line    0x000033af       0x86 /usr/local/CrossPack-AVR-20100115/lib/gcc/avr/4.3.3/avr5/libgcc.a(_thenan_sf.o)
 .debug_line    0x00003435      0x129 /usr/local/CrossPack-AVR-20100115/lib/gcc/avr/4.3.3/avr5/libgcc.a(_usi_to_sf.o)
 .debug_line    0x0000355e       0x9b /usr/local/CrossPack-AVR-20100115/lib/gcc/avr/4.3.3/avr5/libgcc.a(_clzsi2.o)
 .debug_line    0x000035f9      0x180 /usr/local/CrossPack-AVR-20100115/lib/gcc/avr/4.3.3/avr5/libgcc.a(_pack_sf.o)
 .debug_line    0x00003779      0x141 /usr/local/CrossPack-AVR-20100115/lib/gcc/avr/4.3.3/avr5/libgcc.a(_unpack_sf.o)
 .debug_line    0x000038ba      0x12d /usr/local/CrossPack-AVR-20100115/lib/gcc/avr/4.3.3/avr5/libgcc.a(_fpcmp_parts_sf.o)
 .debug_line    0x000039e7       0x72 /usr/local/CrossPack-AVR-20100115/lib/gcc/avr/4.3.3/avr5/libgcc.a(_clz.o)
 .debug_line    0x00003a59      0x2b3 /usr/local/CrossPack-AVR-20100115/lib/gcc/avr/4.3.3/../../../../avr/lib/avr5/libc.a(malloc.o)
 .debug_line    0x00003d0c      0x21e /usr/local/CrossPack-AVR-20100115/lib/gcc/avr/4.3.3/../../../../avr/lib/avr5/libc.a(realloc.o)

.debug_frame    0x00000000      0xa80
 *(.debug_frame)
 .debug_frame   0x00000000       0x70 /Users/kovuthehusky/Projects/Wifimote/Wifimote/src/libArduino.a(wiring.c.o)
 .debug_frame   0x00000070       0x40 /Users/kovuthehusky/Projects/Wifimote/Wifimote/src/libArduino.a(wiring_digital.c.o)
 .debug_frame   0x000000b0       0xf0 /Users/kovuthehusky/Projects/Wifimote/Wifimote/src/libArduino.a(HardwareSerial.cpp.o)
 .debug_frame   0x000001a0       0x70 /Users/kovuthehusky/Projects/Wifimote/Wifimote/src/libArduino.a(new.cpp.o)
 .debug_frame   0x00000210      0x1c0 /Users/kovuthehusky/Projects/Wifimote/Wifimote/src/libArduino.a(Print.cpp.o)
 .debug_frame   0x000003d0      0x4a0 /Users/kovuthehusky/Projects/Wifimote/Wifimote/src/libArduino.a(WString.cpp.o)
 .debug_frame   0x00000870       0x20 /usr/local/CrossPack-AVR-20100115/lib/gcc/avr/4.3.3/avr5/libgcc.a(_fixunssfsi.o)
 .debug_frame   0x00000890       0x40 /usr/local/CrossPack-AVR-20100115/lib/gcc/avr/4.3.3/avr5/libgcc.a(_addsub_sf.o)
 .debug_frame   0x000008d0       0x20 /usr/local/CrossPack-AVR-20100115/lib/gcc/avr/4.3.3/avr5/libgcc.a(_mul_sf.o)
 .debug_frame   0x000008f0       0x20 /usr/local/CrossPack-AVR-20100115/lib/gcc/avr/4.3.3/avr5/libgcc.a(_div_sf.o)
 .debug_frame   0x00000910       0x20 /usr/local/CrossPack-AVR-20100115/lib/gcc/avr/4.3.3/avr5/libgcc.a(_ge_sf.o)
 .debug_frame   0x00000930       0x20 /usr/local/CrossPack-AVR-20100115/lib/gcc/avr/4.3.3/avr5/libgcc.a(_lt_sf.o)
 .debug_frame   0x00000950       0x20 /usr/local/CrossPack-AVR-20100115/lib/gcc/avr/4.3.3/avr5/libgcc.a(_si_to_sf.o)
 .debug_frame   0x00000970       0x20 /usr/local/CrossPack-AVR-20100115/lib/gcc/avr/4.3.3/avr5/libgcc.a(_sf_to_si.o)
 .debug_frame   0x00000990       0x20 /usr/local/CrossPack-AVR-20100115/lib/gcc/avr/4.3.3/avr5/libgcc.a(_usi_to_sf.o)
 .debug_frame   0x000009b0       0x20 /usr/local/CrossPack-AVR-20100115/lib/gcc/avr/4.3.3/avr5/libgcc.a(_clzsi2.o)
 .debug_frame   0x000009d0       0x20 /usr/local/CrossPack-AVR-20100115/lib/gcc/avr/4.3.3/avr5/libgcc.a(_pack_sf.o)
 .debug_frame   0x000009f0       0x20 /usr/local/CrossPack-AVR-20100115/lib/gcc/avr/4.3.3/avr5/libgcc.a(_unpack_sf.o)
 .debug_frame   0x00000a10       0x20 /usr/local/CrossPack-AVR-20100115/lib/gcc/avr/4.3.3/avr5/libgcc.a(_fpcmp_parts_sf.o)
 .debug_frame   0x00000a30       0x30 /usr/local/CrossPack-AVR-20100115/lib/gcc/avr/4.3.3/../../../../avr/lib/avr5/libc.a(malloc.o)
 .debug_frame   0x00000a60       0x20 /usr/local/CrossPack-AVR-20100115/lib/gcc/avr/4.3.3/../../../../avr/lib/avr5/libc.a(realloc.o)

.debug_str      0x00000000     0x193a
 *(.debug_str)
 .debug_str     0x00000000      0x129 /Users/kovuthehusky/Projects/Wifimote/Wifimote/src/libArduino.a(wiring.c.o)
                                0x16f (size before relaxing)
 .debug_str     0x00000129      0x133 /Users/kovuthehusky/Projects/Wifimote/Wifimote/src/libArduino.a(wiring_digital.c.o)
                                0x1da (size before relaxing)
 .debug_str     0x0000025c      0x4f0 /Users/kovuthehusky/Projects/Wifimote/Wifimote/src/libArduino.a(HardwareSerial.cpp.o)
                                0x5ef (size before relaxing)
 .debug_str     0x0000074c       0xd8 /Users/kovuthehusky/Projects/Wifimote/Wifimote/src/libArduino.a(new.cpp.o)
                                0x116 (size before relaxing)
 .debug_str     0x00000824      0xaf5 /Users/kovuthehusky/Projects/Wifimote/Wifimote/src/libArduino.a(Print.cpp.o)
                                0xc16 (size before relaxing)
 .debug_str     0x00001319      0x1ec /Users/kovuthehusky/Projects/Wifimote/Wifimote/src/libArduino.a(WString.cpp.o)
                                0x9a8 (size before relaxing)
 .debug_str     0x00001505       0xc5 /usr/local/CrossPack-AVR-20100115/lib/gcc/avr/4.3.3/avr5/libgcc.a(_fixunssfsi.o)
                                0x137 (size before relaxing)
 .debug_str     0x000015ca      0x147 /usr/local/CrossPack-AVR-20100115/lib/gcc/avr/4.3.3/avr5/libgcc.a(_addsub_sf.o)
                                0x249 (size before relaxing)
 .debug_str     0x00001711       0x27 /usr/local/CrossPack-AVR-20100115/lib/gcc/avr/4.3.3/avr5/libgcc.a(_mul_sf.o)
                                0x202 (size before relaxing)
 .debug_str     0x00001738       0x35 /usr/local/CrossPack-AVR-20100115/lib/gcc/avr/4.3.3/avr5/libgcc.a(_div_sf.o)
                                0x20b (size before relaxing)
 .debug_str     0x0000176d        0x8 /usr/local/CrossPack-AVR-20100115/lib/gcc/avr/4.3.3/avr5/libgcc.a(_ge_sf.o)
                                0x1d8 (size before relaxing)
 .debug_str     0x00001775        0x8 /usr/local/CrossPack-AVR-20100115/lib/gcc/avr/4.3.3/avr5/libgcc.a(_lt_sf.o)
                                0x1d8 (size before relaxing)
 .debug_str     0x0000177d       0x1e /usr/local/CrossPack-AVR-20100115/lib/gcc/avr/4.3.3/avr5/libgcc.a(_si_to_sf.o)
                                0x1be (size before relaxing)
 .debug_str     0x0000179b        0xa /usr/local/CrossPack-AVR-20100115/lib/gcc/avr/4.3.3/avr5/libgcc.a(_sf_to_si.o)
                                0x1e1 (size before relaxing)
 .debug_str     0x00000000      0x146 /usr/local/CrossPack-AVR-20100115/lib/gcc/avr/4.3.3/avr5/libgcc.a(_thenan_sf.o)
 .debug_str     0x000017a5        0xe /usr/local/CrossPack-AVR-20100115/lib/gcc/avr/4.3.3/avr5/libgcc.a(_usi_to_sf.o)
                                0x1ba (size before relaxing)
 .debug_str     0x000017b3       0x20 /usr/local/CrossPack-AVR-20100115/lib/gcc/avr/4.3.3/avr5/libgcc.a(_clzsi2.o)
                                0x14a (size before relaxing)
 .debug_str     0x000017d3       0x10 /usr/local/CrossPack-AVR-20100115/lib/gcc/avr/4.3.3/avr5/libgcc.a(_pack_sf.o)
                                0x1e0 (size before relaxing)
 .debug_str     0x000017e3        0xb /usr/local/CrossPack-AVR-20100115/lib/gcc/avr/4.3.3/avr5/libgcc.a(_unpack_sf.o)
                                0x1c2 (size before relaxing)
 .debug_str     0x000017ee       0x10 /usr/local/CrossPack-AVR-20100115/lib/gcc/avr/4.3.3/avr5/libgcc.a(_fpcmp_parts_sf.o)
                                0x1a6 (size before relaxing)
 .debug_str     0x00000000      0x12d /usr/local/CrossPack-AVR-20100115/lib/gcc/avr/4.3.3/avr5/libgcc.a(_clz.o)
 .debug_str     0x000017fe      0x106 /usr/local/CrossPack-AVR-20100115/lib/gcc/avr/4.3.3/../../../../avr/lib/avr5/libc.a(malloc.o)
                                0x185 (size before relaxing)
 .debug_str     0x00001904       0x36 /usr/local/CrossPack-AVR-20100115/lib/gcc/avr/4.3.3/../../../../avr/lib/avr5/libc.a(realloc.o)
                                0x153 (size before relaxing)

.debug_loc      0x00000000     0x414e
 *(.debug_loc)
 .debug_loc     0x00000000      0x16d /Users/kovuthehusky/Projects/Wifimote/Wifimote/src/libArduino.a(wiring.c.o)
 .debug_loc     0x0000016d       0xdc /Users/kovuthehusky/Projects/Wifimote/Wifimote/src/libArduino.a(wiring_digital.c.o)
 .debug_loc     0x00000249      0x39a /Users/kovuthehusky/Projects/Wifimote/Wifimote/src/libArduino.a(HardwareSerial.cpp.o)
 .debug_loc     0x000005e3       0x80 /Users/kovuthehusky/Projects/Wifimote/Wifimote/src/libArduino.a(new.cpp.o)
 .debug_loc     0x00000663      0xd88 /Users/kovuthehusky/Projects/Wifimote/Wifimote/src/libArduino.a(Print.cpp.o)
 .debug_loc     0x000013eb     0x1f05 /Users/kovuthehusky/Projects/Wifimote/Wifimote/src/libArduino.a(WString.cpp.o)
 .debug_loc     0x000032f0       0x34 /usr/local/CrossPack-AVR-20100115/lib/gcc/avr/4.3.3/avr5/libgcc.a(_fixunssfsi.o)
 .debug_loc     0x00003324      0x32a /usr/local/CrossPack-AVR-20100115/lib/gcc/avr/4.3.3/avr5/libgcc.a(_addsub_sf.o)
 .debug_loc     0x0000364e      0x104 /usr/local/CrossPack-AVR-20100115/lib/gcc/avr/4.3.3/avr5/libgcc.a(_mul_sf.o)
 .debug_loc     0x00003752       0xc0 /usr/local/CrossPack-AVR-20100115/lib/gcc/avr/4.3.3/avr5/libgcc.a(_div_sf.o)
 .debug_loc     0x00003812       0x3c /usr/local/CrossPack-AVR-20100115/lib/gcc/avr/4.3.3/avr5/libgcc.a(_ge_sf.o)
 .debug_loc     0x0000384e       0x3c /usr/local/CrossPack-AVR-20100115/lib/gcc/avr/4.3.3/avr5/libgcc.a(_lt_sf.o)
 .debug_loc     0x0000388a       0xac /usr/local/CrossPack-AVR-20100115/lib/gcc/avr/4.3.3/avr5/libgcc.a(_si_to_sf.o)
 .debug_loc     0x00003936       0x7e /usr/local/CrossPack-AVR-20100115/lib/gcc/avr/4.3.3/avr5/libgcc.a(_sf_to_si.o)
 .debug_loc     0x000039b4       0x4c /usr/local/CrossPack-AVR-20100115/lib/gcc/avr/4.3.3/avr5/libgcc.a(_usi_to_sf.o)
 .debug_loc     0x00003a00       0x94 /usr/local/CrossPack-AVR-20100115/lib/gcc/avr/4.3.3/avr5/libgcc.a(_clzsi2.o)
 .debug_loc     0x00003a94      0x13e /usr/local/CrossPack-AVR-20100115/lib/gcc/avr/4.3.3/avr5/libgcc.a(_pack_sf.o)
 .debug_loc     0x00003bd2       0xac /usr/local/CrossPack-AVR-20100115/lib/gcc/avr/4.3.3/avr5/libgcc.a(_unpack_sf.o)
 .debug_loc     0x00003c7e       0x50 /usr/local/CrossPack-AVR-20100115/lib/gcc/avr/4.3.3/avr5/libgcc.a(_fpcmp_parts_sf.o)
 .debug_loc     0x00003cce      0x288 /usr/local/CrossPack-AVR-20100115/lib/gcc/avr/4.3.3/../../../../avr/lib/avr5/libc.a(malloc.o)
 .debug_loc     0x00003f56      0x1f8 /usr/local/CrossPack-AVR-20100115/lib/gcc/avr/4.3.3/../../../../avr/lib/avr5/libc.a(realloc.o)

.debug_macinfo
 *(.debug_macinfo)
OUTPUT(Wifimote.elf elf32-avr)
LOAD linker stubs

.debug_ranges   0x00000000      0x508
 .debug_ranges  0x00000000       0x40 /Users/kovuthehusky/Projects/Wifimote/Wifimote/src/libArduino.a(wiring.c.o)
 .debug_ranges  0x00000040       0x28 /Users/kovuthehusky/Projects/Wifimote/Wifimote/src/libArduino.a(wiring_digital.c.o)
 .debug_ranges  0x00000068       0x80 /Users/kovuthehusky/Projects/Wifimote/Wifimote/src/libArduino.a(HardwareSerial.cpp.o)
 .debug_ranges  0x000000e8       0x40 /Users/kovuthehusky/Projects/Wifimote/Wifimote/src/libArduino.a(new.cpp.o)
 .debug_ranges  0x00000128       0xe8 /Users/kovuthehusky/Projects/Wifimote/Wifimote/src/libArduino.a(Print.cpp.o)
 .debug_ranges  0x00000210      0x270 /Users/kovuthehusky/Projects/Wifimote/Wifimote/src/libArduino.a(WString.cpp.o)
 .debug_ranges  0x00000480       0x50 /usr/local/CrossPack-AVR-20100115/lib/gcc/avr/4.3.3/avr5/libgcc.a(_mul_sf.o)
 .debug_ranges  0x000004d0       0x20 /usr/local/CrossPack-AVR-20100115/lib/gcc/avr/4.3.3/../../../../avr/lib/avr5/libc.a(malloc.o)
 .debug_ranges  0x000004f0       0x18 /usr/local/CrossPack-AVR-20100115/lib/gcc/avr/4.3.3/../../../../avr/lib/avr5/libc.a(realloc.o)

Cross Reference Table

Symbol                                            File
HardwareSerial::HardwareSerial(ring_buffer*, ring_buffer*, unsigned char volatile*, unsigned char volatile*, unsigned char volatile*, unsigned char volatile*, unsigned char volatile*, unsigned char, unsigned char, unsigned char, unsigned char, unsigned char) /Users/kovuthehusky/Projects/Wifimote/Wifimote/src/libArduino.a(HardwareSerial.cpp.o)
HardwareSerial::HardwareSerial(ring_buffer*, ring_buffer*, unsigned char volatile*, unsigned char volatile*, unsigned char volatile*, unsigned char volatile*, unsigned char volatile*, unsigned char, unsigned char, unsigned char, unsigned char, unsigned char) /Users/kovuthehusky/Projects/Wifimote/Wifimote/src/libArduino.a(HardwareSerial.cpp.o)
HardwareSerial::available()                       /Users/kovuthehusky/Projects/Wifimote/Wifimote/src/libArduino.a(HardwareSerial.cpp.o)
                                                  ./src/Wifimote.o
HardwareSerial::begin(unsigned long)              /Users/kovuthehusky/Projects/Wifimote/Wifimote/src/libArduino.a(HardwareSerial.cpp.o)
                                                  ./src/Wifimote.o
HardwareSerial::end()                             /Users/kovuthehusky/Projects/Wifimote/Wifimote/src/libArduino.a(HardwareSerial.cpp.o)
HardwareSerial::flush()                           /Users/kovuthehusky/Projects/Wifimote/Wifimote/src/libArduino.a(HardwareSerial.cpp.o)
HardwareSerial::peek()                            /Users/kovuthehusky/Projects/Wifimote/Wifimote/src/libArduino.a(HardwareSerial.cpp.o)
HardwareSerial::read()                            /Users/kovuthehusky/Projects/Wifimote/Wifimote/src/libArduino.a(HardwareSerial.cpp.o)
                                                  ./src/Wifimote.o
HardwareSerial::write(unsigned char)              /Users/kovuthehusky/Projects/Wifimote/Wifimote/src/libArduino.a(HardwareSerial.cpp.o)
Print::print(Printable const&)                    /Users/kovuthehusky/Projects/Wifimote/Wifimote/src/libArduino.a(Print.cpp.o)
Print::print(String const&)                       /Users/kovuthehusky/Projects/Wifimote/Wifimote/src/libArduino.a(Print.cpp.o)
Print::print(__FlashStringHelper const*)          /Users/kovuthehusky/Projects/Wifimote/Wifimote/src/libArduino.a(Print.cpp.o)
Print::print(char const*)                         /Users/kovuthehusky/Projects/Wifimote/Wifimote/src/libArduino.a(Print.cpp.o)
                                                  ./src/Wifimote.o
Print::print(char)                                /Users/kovuthehusky/Projects/Wifimote/Wifimote/src/libArduino.a(Print.cpp.o)
Print::print(double, int)                         /Users/kovuthehusky/Projects/Wifimote/Wifimote/src/libArduino.a(Print.cpp.o)
Print::print(int, int)                            /Users/kovuthehusky/Projects/Wifimote/Wifimote/src/libArduino.a(Print.cpp.o)
Print::print(long, int)                           /Users/kovuthehusky/Projects/Wifimote/Wifimote/src/libArduino.a(Print.cpp.o)
Print::print(unsigned char, int)                  /Users/kovuthehusky/Projects/Wifimote/Wifimote/src/libArduino.a(Print.cpp.o)
Print::print(unsigned int, int)                   /Users/kovuthehusky/Projects/Wifimote/Wifimote/src/libArduino.a(Print.cpp.o)
Print::print(unsigned long, int)                  /Users/kovuthehusky/Projects/Wifimote/Wifimote/src/libArduino.a(Print.cpp.o)
Print::printFloat(double, unsigned char)          /Users/kovuthehusky/Projects/Wifimote/Wifimote/src/libArduino.a(Print.cpp.o)
Print::printNumber(unsigned long, unsigned char)  /Users/kovuthehusky/Projects/Wifimote/Wifimote/src/libArduino.a(Print.cpp.o)
Print::println()                                  /Users/kovuthehusky/Projects/Wifimote/Wifimote/src/libArduino.a(Print.cpp.o)
Print::println(Printable const&)                  /Users/kovuthehusky/Projects/Wifimote/Wifimote/src/libArduino.a(Print.cpp.o)
Print::println(String const&)                     /Users/kovuthehusky/Projects/Wifimote/Wifimote/src/libArduino.a(Print.cpp.o)
Print::println(__FlashStringHelper const*)        /Users/kovuthehusky/Projects/Wifimote/Wifimote/src/libArduino.a(Print.cpp.o)
Print::println(char const*)                       /Users/kovuthehusky/Projects/Wifimote/Wifimote/src/libArduino.a(Print.cpp.o)
                                                  ./src/Wifimote.o
Print::println(char)                              /Users/kovuthehusky/Projects/Wifimote/Wifimote/src/libArduino.a(Print.cpp.o)
Print::println(double, int)                       /Users/kovuthehusky/Projects/Wifimote/Wifimote/src/libArduino.a(Print.cpp.o)
Print::println(int, int)                          /Users/kovuthehusky/Projects/Wifimote/Wifimote/src/libArduino.a(Print.cpp.o)
                                                  ./src/Wifimote.o
Print::println(long, int)                         /Users/kovuthehusky/Projects/Wifimote/Wifimote/src/libArduino.a(Print.cpp.o)
Print::println(unsigned char, int)                /Users/kovuthehusky/Projects/Wifimote/Wifimote/src/libArduino.a(Print.cpp.o)
Print::println(unsigned int, int)                 /Users/kovuthehusky/Projects/Wifimote/Wifimote/src/libArduino.a(Print.cpp.o)
                                                  ./src/Wifimote.o
Print::println(unsigned long, int)                /Users/kovuthehusky/Projects/Wifimote/Wifimote/src/libArduino.a(Print.cpp.o)
Print::write(char const*)                         /Users/kovuthehusky/Projects/Wifimote/Wifimote/src/libArduino.a(Print.cpp.o)
Print::write(unsigned char const*, unsigned int)  /Users/kovuthehusky/Projects/Wifimote/Wifimote/src/libArduino.a(Print.cpp.o)
                                                  /Users/kovuthehusky/Projects/Wifimote/Wifimote/src/libArduino.a(HardwareSerial.cpp.o)
Serial                                            /Users/kovuthehusky/Projects/Wifimote/Wifimote/src/libArduino.a(HardwareSerial.cpp.o)
                                                  ./src/Wifimote.o
String::String(String const&)                     /Users/kovuthehusky/Projects/Wifimote/Wifimote/src/libArduino.a(WString.cpp.o)
String::String(String const&)                     /Users/kovuthehusky/Projects/Wifimote/Wifimote/src/libArduino.a(WString.cpp.o)
String::String(char const*)                       /Users/kovuthehusky/Projects/Wifimote/Wifimote/src/libArduino.a(WString.cpp.o)
String::String(char const*)                       /Users/kovuthehusky/Projects/Wifimote/Wifimote/src/libArduino.a(WString.cpp.o)
String::String(char)                              /Users/kovuthehusky/Projects/Wifimote/Wifimote/src/libArduino.a(WString.cpp.o)
String::String(char)                              /Users/kovuthehusky/Projects/Wifimote/Wifimote/src/libArduino.a(WString.cpp.o)
String::String(int, unsigned char)                /Users/kovuthehusky/Projects/Wifimote/Wifimote/src/libArduino.a(WString.cpp.o)
String::String(int, unsigned char)                /Users/kovuthehusky/Projects/Wifimote/Wifimote/src/libArduino.a(WString.cpp.o)
String::String(long, unsigned char)               /Users/kovuthehusky/Projects/Wifimote/Wifimote/src/libArduino.a(WString.cpp.o)
String::String(long, unsigned char)               /Users/kovuthehusky/Projects/Wifimote/Wifimote/src/libArduino.a(WString.cpp.o)
String::String(unsigned char, unsigned char)      /Users/kovuthehusky/Projects/Wifimote/Wifimote/src/libArduino.a(WString.cpp.o)
String::String(unsigned char, unsigned char)      /Users/kovuthehusky/Projects/Wifimote/Wifimote/src/libArduino.a(WString.cpp.o)
String::String(unsigned int, unsigned char)       /Users/kovuthehusky/Projects/Wifimote/Wifimote/src/libArduino.a(WString.cpp.o)
String::String(unsigned int, unsigned char)       /Users/kovuthehusky/Projects/Wifimote/Wifimote/src/libArduino.a(WString.cpp.o)
String::String(unsigned long, unsigned char)      /Users/kovuthehusky/Projects/Wifimote/Wifimote/src/libArduino.a(WString.cpp.o)
String::String(unsigned long, unsigned char)      /Users/kovuthehusky/Projects/Wifimote/Wifimote/src/libArduino.a(WString.cpp.o)
String::changeBuffer(unsigned int)                /Users/kovuthehusky/Projects/Wifimote/Wifimote/src/libArduino.a(WString.cpp.o)
String::charAt(unsigned int) const                /Users/kovuthehusky/Projects/Wifimote/Wifimote/src/libArduino.a(WString.cpp.o)
String::compareTo(String const&) const            /Users/kovuthehusky/Projects/Wifimote/Wifimote/src/libArduino.a(WString.cpp.o)
String::concat(String const&)                     /Users/kovuthehusky/Projects/Wifimote/Wifimote/src/libArduino.a(WString.cpp.o)
String::concat(char const*)                       /Users/kovuthehusky/Projects/Wifimote/Wifimote/src/libArduino.a(WString.cpp.o)
String::concat(char const*, unsigned int)         /Users/kovuthehusky/Projects/Wifimote/Wifimote/src/libArduino.a(WString.cpp.o)
String::concat(char)                              /Users/kovuthehusky/Projects/Wifimote/Wifimote/src/libArduino.a(WString.cpp.o)
String::concat(int)                               /Users/kovuthehusky/Projects/Wifimote/Wifimote/src/libArduino.a(WString.cpp.o)
String::concat(long)                              /Users/kovuthehusky/Projects/Wifimote/Wifimote/src/libArduino.a(WString.cpp.o)
String::concat(unsigned char)                     /Users/kovuthehusky/Projects/Wifimote/Wifimote/src/libArduino.a(WString.cpp.o)
String::concat(unsigned int)                      /Users/kovuthehusky/Projects/Wifimote/Wifimote/src/libArduino.a(WString.cpp.o)
String::concat(unsigned long)                     /Users/kovuthehusky/Projects/Wifimote/Wifimote/src/libArduino.a(WString.cpp.o)
String::copy(char const*, unsigned int)           /Users/kovuthehusky/Projects/Wifimote/Wifimote/src/libArduino.a(WString.cpp.o)
String::endsWith(String const&) const             /Users/kovuthehusky/Projects/Wifimote/Wifimote/src/libArduino.a(WString.cpp.o)
String::equals(String const&) const               /Users/kovuthehusky/Projects/Wifimote/Wifimote/src/libArduino.a(WString.cpp.o)
String::equals(char const*) const                 /Users/kovuthehusky/Projects/Wifimote/Wifimote/src/libArduino.a(WString.cpp.o)
String::equalsIgnoreCase(String const&) const     /Users/kovuthehusky/Projects/Wifimote/Wifimote/src/libArduino.a(WString.cpp.o)
String::getBytes(unsigned char*, unsigned int, unsigned int) const /Users/kovuthehusky/Projects/Wifimote/Wifimote/src/libArduino.a(WString.cpp.o)
String::indexOf(String const&) const              /Users/kovuthehusky/Projects/Wifimote/Wifimote/src/libArduino.a(WString.cpp.o)
String::indexOf(String const&, unsigned int) const /Users/kovuthehusky/Projects/Wifimote/Wifimote/src/libArduino.a(WString.cpp.o)
String::indexOf(char) const                       /Users/kovuthehusky/Projects/Wifimote/Wifimote/src/libArduino.a(WString.cpp.o)
String::indexOf(char, unsigned int) const         /Users/kovuthehusky/Projects/Wifimote/Wifimote/src/libArduino.a(WString.cpp.o)
String::invalidate()                              /Users/kovuthehusky/Projects/Wifimote/Wifimote/src/libArduino.a(WString.cpp.o)
String::lastIndexOf(String const&) const          /Users/kovuthehusky/Projects/Wifimote/Wifimote/src/libArduino.a(WString.cpp.o)
String::lastIndexOf(String const&, unsigned int) const /Users/kovuthehusky/Projects/Wifimote/Wifimote/src/libArduino.a(WString.cpp.o)
String::lastIndexOf(char) const                   /Users/kovuthehusky/Projects/Wifimote/Wifimote/src/libArduino.a(WString.cpp.o)
String::lastIndexOf(char, unsigned int) const     /Users/kovuthehusky/Projects/Wifimote/Wifimote/src/libArduino.a(WString.cpp.o)
String::operator<(String const&) const            /Users/kovuthehusky/Projects/Wifimote/Wifimote/src/libArduino.a(WString.cpp.o)
String::operator<=(String const&) const           /Users/kovuthehusky/Projects/Wifimote/Wifimote/src/libArduino.a(WString.cpp.o)
String::operator=(String const&)                  /Users/kovuthehusky/Projects/Wifimote/Wifimote/src/libArduino.a(WString.cpp.o)
String::operator=(char const*)                    /Users/kovuthehusky/Projects/Wifimote/Wifimote/src/libArduino.a(WString.cpp.o)
String::operator>(String const&) const            /Users/kovuthehusky/Projects/Wifimote/Wifimote/src/libArduino.a(WString.cpp.o)
String::operator>=(String const&) const           /Users/kovuthehusky/Projects/Wifimote/Wifimote/src/libArduino.a(WString.cpp.o)
String::operator[](unsigned int)                  /Users/kovuthehusky/Projects/Wifimote/Wifimote/src/libArduino.a(WString.cpp.o)
String::operator[](unsigned int) const            /Users/kovuthehusky/Projects/Wifimote/Wifimote/src/libArduino.a(WString.cpp.o)
                                                  /Users/kovuthehusky/Projects/Wifimote/Wifimote/src/libArduino.a(Print.cpp.o)
String::replace(String const&, String const&)     /Users/kovuthehusky/Projects/Wifimote/Wifimote/src/libArduino.a(WString.cpp.o)
String::replace(char, char)                       /Users/kovuthehusky/Projects/Wifimote/Wifimote/src/libArduino.a(WString.cpp.o)
String::reserve(unsigned int)                     /Users/kovuthehusky/Projects/Wifimote/Wifimote/src/libArduino.a(WString.cpp.o)
String::setCharAt(unsigned int, char)             /Users/kovuthehusky/Projects/Wifimote/Wifimote/src/libArduino.a(WString.cpp.o)
String::startsWith(String const&) const           /Users/kovuthehusky/Projects/Wifimote/Wifimote/src/libArduino.a(WString.cpp.o)
String::startsWith(String const&, unsigned int) const /Users/kovuthehusky/Projects/Wifimote/Wifimote/src/libArduino.a(WString.cpp.o)
String::substring(unsigned int) const             /Users/kovuthehusky/Projects/Wifimote/Wifimote/src/libArduino.a(WString.cpp.o)
String::substring(unsigned int, unsigned int) const /Users/kovuthehusky/Projects/Wifimote/Wifimote/src/libArduino.a(WString.cpp.o)
String::toInt() const                             /Users/kovuthehusky/Projects/Wifimote/Wifimote/src/libArduino.a(WString.cpp.o)
String::toLowerCase()                             /Users/kovuthehusky/Projects/Wifimote/Wifimote/src/libArduino.a(WString.cpp.o)
String::toUpperCase()                             /Users/kovuthehusky/Projects/Wifimote/Wifimote/src/libArduino.a(WString.cpp.o)
String::trim()                                    /Users/kovuthehusky/Projects/Wifimote/Wifimote/src/libArduino.a(WString.cpp.o)
String::~String()                                 /Users/kovuthehusky/Projects/Wifimote/Wifimote/src/libArduino.a(WString.cpp.o)
String::~String()                                 /Users/kovuthehusky/Projects/Wifimote/Wifimote/src/libArduino.a(WString.cpp.o)
__addsf3                                          /usr/local/CrossPack-AVR-20100115/lib/gcc/avr/4.3.3/avr5/libgcc.a(_addsub_sf.o)
                                                  /Users/kovuthehusky/Projects/Wifimote/Wifimote/src/libArduino.a(Print.cpp.o)
__bad_interrupt                                   /usr/local/CrossPack-AVR-20100115/lib/gcc/avr/4.3.3/../../../../avr/lib/avr5/crtm328p.o
__brkval                                          /usr/local/CrossPack-AVR-20100115/lib/gcc/avr/4.3.3/../../../../avr/lib/avr5/libc.a(realloc.o)
                                                  /usr/local/CrossPack-AVR-20100115/lib/gcc/avr/4.3.3/../../../../avr/lib/avr5/libc.a(malloc.o)
__bss_end                                         /usr/local/CrossPack-AVR-20100115/lib/gcc/avr/4.3.3/avr5/libgcc.a(_clear_bss.o)
__bss_start                                       /usr/local/CrossPack-AVR-20100115/lib/gcc/avr/4.3.3/avr5/libgcc.a(_clear_bss.o)
__clz_tab                                         /usr/local/CrossPack-AVR-20100115/lib/gcc/avr/4.3.3/avr5/libgcc.a(_clz.o)
                                                  /usr/local/CrossPack-AVR-20100115/lib/gcc/avr/4.3.3/avr5/libgcc.a(_clzsi2.o)
__clzsi2                                          /usr/local/CrossPack-AVR-20100115/lib/gcc/avr/4.3.3/avr5/libgcc.a(_clzsi2.o)
                                                  /usr/local/CrossPack-AVR-20100115/lib/gcc/avr/4.3.3/avr5/libgcc.a(_usi_to_sf.o)
                                                  /usr/local/CrossPack-AVR-20100115/lib/gcc/avr/4.3.3/avr5/libgcc.a(_si_to_sf.o)
__ctors_end                                       /usr/local/CrossPack-AVR-20100115/lib/gcc/avr/4.3.3/avr5/libgcc.a(_ctors.o)
__ctors_start                                     /usr/local/CrossPack-AVR-20100115/lib/gcc/avr/4.3.3/avr5/libgcc.a(_ctors.o)
__ctype_isfalse                                   /usr/local/CrossPack-AVR-20100115/lib/gcc/avr/4.3.3/../../../../avr/lib/avr5/libc.a(cty_isfalse.o)
                                                  /usr/local/CrossPack-AVR-20100115/lib/gcc/avr/4.3.3/../../../../avr/lib/avr5/libc.a(isspace.o)
__ctype_istrue                                    /usr/local/CrossPack-AVR-20100115/lib/gcc/avr/4.3.3/../../../../avr/lib/avr5/libc.a(cty_isfalse.o)
__cxa_guard_abort                                 /Users/kovuthehusky/Projects/Wifimote/Wifimote/src/libArduino.a(new.cpp.o)
__cxa_guard_acquire                               /Users/kovuthehusky/Projects/Wifimote/Wifimote/src/libArduino.a(new.cpp.o)
__cxa_guard_release                               /Users/kovuthehusky/Projects/Wifimote/Wifimote/src/libArduino.a(new.cpp.o)
__cxa_pure_virtual                                /Users/kovuthehusky/Projects/Wifimote/Wifimote/src/libArduino.a(new.cpp.o)
                                                  /Users/kovuthehusky/Projects/Wifimote/Wifimote/src/libArduino.a(Print.cpp.o)
                                                  /Users/kovuthehusky/Projects/Wifimote/Wifimote/src/libArduino.a(HardwareSerial.cpp.o)
__data_end                                        /usr/local/CrossPack-AVR-20100115/lib/gcc/avr/4.3.3/avr5/libgcc.a(_copy_data.o)
__data_load_start                                 /usr/local/CrossPack-AVR-20100115/lib/gcc/avr/4.3.3/avr5/libgcc.a(_copy_data.o)
__data_start                                      /usr/local/CrossPack-AVR-20100115/lib/gcc/avr/4.3.3/avr5/libgcc.a(_copy_data.o)
__divmodhi4                                       /usr/local/CrossPack-AVR-20100115/lib/gcc/avr/4.3.3/avr5/libgcc.a(_divmodhi4.o)
                                                  /Users/kovuthehusky/Projects/Wifimote/Wifimote/src/libArduino.a(HardwareSerial.cpp.o)
__divsf3                                          /usr/local/CrossPack-AVR-20100115/lib/gcc/avr/4.3.3/avr5/libgcc.a(_div_sf.o)
                                                  /Users/kovuthehusky/Projects/Wifimote/Wifimote/src/libArduino.a(Print.cpp.o)
                                                  ./src/Wifimote.o
__do_clear_bss                                    /usr/local/CrossPack-AVR-20100115/lib/gcc/avr/4.3.3/avr5/libgcc.a(_clear_bss.o)
                                                  /usr/local/CrossPack-AVR-20100115/lib/gcc/avr/4.3.3/../../../../avr/lib/avr5/libc.a(malloc.o)
                                                  /Users/kovuthehusky/Projects/Wifimote/Wifimote/src/libArduino.a(WString.cpp.o)
                                                  /Users/kovuthehusky/Projects/Wifimote/Wifimote/src/libArduino.a(Print.cpp.o)
                                                  /Users/kovuthehusky/Projects/Wifimote/Wifimote/src/libArduino.a(new.cpp.o)
                                                  /Users/kovuthehusky/Projects/Wifimote/Wifimote/src/libArduino.a(HardwareSerial.cpp.o)
                                                  /Users/kovuthehusky/Projects/Wifimote/Wifimote/src/libArduino.a(wiring_digital.c.o)
                                                  /Users/kovuthehusky/Projects/Wifimote/Wifimote/src/libArduino.a(wiring.c.o)
__do_copy_data                                    /usr/local/CrossPack-AVR-20100115/lib/gcc/avr/4.3.3/avr5/libgcc.a(_copy_data.o)
                                                  /usr/local/CrossPack-AVR-20100115/lib/gcc/avr/4.3.3/../../../../avr/lib/avr5/libc.a(malloc.o)
                                                  /usr/local/CrossPack-AVR-20100115/lib/gcc/avr/4.3.3/avr5/libgcc.a(_clz.o)
                                                  /usr/local/CrossPack-AVR-20100115/lib/gcc/avr/4.3.3/avr5/libgcc.a(_thenan_sf.o)
                                                  /Users/kovuthehusky/Projects/Wifimote/Wifimote/src/libArduino.a(WString.cpp.o)
                                                  /Users/kovuthehusky/Projects/Wifimote/Wifimote/src/libArduino.a(Print.cpp.o)
                                                  /Users/kovuthehusky/Projects/Wifimote/Wifimote/src/libArduino.a(new.cpp.o)
                                                  /Users/kovuthehusky/Projects/Wifimote/Wifimote/src/libArduino.a(HardwareSerial.cpp.o)
                                                  /Users/kovuthehusky/Projects/Wifimote/Wifimote/src/libArduino.a(wiring_digital.c.o)
                                                  /Users/kovuthehusky/Projects/Wifimote/Wifimote/src/libArduino.a(wiring.c.o)
                                                  ./src/Wifimote.o
__do_global_ctors                                 /usr/local/CrossPack-AVR-20100115/lib/gcc/avr/4.3.3/avr5/libgcc.a(_ctors.o)
                                                  /Users/kovuthehusky/Projects/Wifimote/Wifimote/src/libArduino.a(HardwareSerial.cpp.o)
__epilogue_restores__                             /usr/local/CrossPack-AVR-20100115/lib/gcc/avr/4.3.3/avr5/libgcc.a(_epilogue.o)
                                                  /usr/local/CrossPack-AVR-20100115/lib/gcc/avr/4.3.3/../../../../avr/lib/avr5/libc.a(realloc.o)
                                                  /usr/local/CrossPack-AVR-20100115/lib/gcc/avr/4.3.3/avr5/libgcc.a(_usi_to_sf.o)
                                                  /usr/local/CrossPack-AVR-20100115/lib/gcc/avr/4.3.3/avr5/libgcc.a(_sf_to_si.o)
                                                  /usr/local/CrossPack-AVR-20100115/lib/gcc/avr/4.3.3/avr5/libgcc.a(_si_to_sf.o)
                                                  /usr/local/CrossPack-AVR-20100115/lib/gcc/avr/4.3.3/avr5/libgcc.a(_lt_sf.o)
                                                  /usr/local/CrossPack-AVR-20100115/lib/gcc/avr/4.3.3/avr5/libgcc.a(_ge_sf.o)
                                                  /usr/local/CrossPack-AVR-20100115/lib/gcc/avr/4.3.3/avr5/libgcc.a(_div_sf.o)
                                                  /usr/local/CrossPack-AVR-20100115/lib/gcc/avr/4.3.3/avr5/libgcc.a(_mul_sf.o)
                                                  /usr/local/CrossPack-AVR-20100115/lib/gcc/avr/4.3.3/avr5/libgcc.a(_addsub_sf.o)
__fixsfsi                                         /usr/local/CrossPack-AVR-20100115/lib/gcc/avr/4.3.3/avr5/libgcc.a(_sf_to_si.o)
                                                  /usr/local/CrossPack-AVR-20100115/lib/gcc/avr/4.3.3/avr5/libgcc.a(_fixunssfsi.o)
                                                  /Users/kovuthehusky/Projects/Wifimote/Wifimote/src/libArduino.a(Print.cpp.o)
__fixunssfsi                                      /usr/local/CrossPack-AVR-20100115/lib/gcc/avr/4.3.3/avr5/libgcc.a(_fixunssfsi.o)
                                                  /Users/kovuthehusky/Projects/Wifimote/Wifimote/src/libArduino.a(Print.cpp.o)
                                                  ./src/Wifimote.o
__floatsisf                                       /usr/local/CrossPack-AVR-20100115/lib/gcc/avr/4.3.3/avr5/libgcc.a(_si_to_sf.o)
                                                  /Users/kovuthehusky/Projects/Wifimote/Wifimote/src/libArduino.a(Print.cpp.o)
__floatunsisf                                     /usr/local/CrossPack-AVR-20100115/lib/gcc/avr/4.3.3/avr5/libgcc.a(_usi_to_sf.o)
                                                  /Users/kovuthehusky/Projects/Wifimote/Wifimote/src/libArduino.a(Print.cpp.o)
                                                  ./src/Wifimote.o
__flp                                             /usr/local/CrossPack-AVR-20100115/lib/gcc/avr/4.3.3/../../../../avr/lib/avr5/libc.a(realloc.o)
                                                  /usr/local/CrossPack-AVR-20100115/lib/gcc/avr/4.3.3/../../../../avr/lib/avr5/libc.a(malloc.o)
__fpcmp_parts_f                                   /usr/local/CrossPack-AVR-20100115/lib/gcc/avr/4.3.3/avr5/libgcc.a(_fpcmp_parts_sf.o)
                                                  /usr/local/CrossPack-AVR-20100115/lib/gcc/avr/4.3.3/avr5/libgcc.a(_lt_sf.o)
                                                  /usr/local/CrossPack-AVR-20100115/lib/gcc/avr/4.3.3/avr5/libgcc.a(_ge_sf.o)
__gesf2                                           /usr/local/CrossPack-AVR-20100115/lib/gcc/avr/4.3.3/avr5/libgcc.a(_ge_sf.o)
                                                  /usr/local/CrossPack-AVR-20100115/lib/gcc/avr/4.3.3/avr5/libgcc.a(_fixunssfsi.o)
__heap_end                                        /usr/local/CrossPack-AVR-20100115/lib/gcc/avr/4.3.3/../../../../avr/lib/avr5/crtm328p.o
                                                  /usr/local/CrossPack-AVR-20100115/lib/gcc/avr/4.3.3/../../../../avr/lib/avr5/libc.a(malloc.o)
__heap_start                                      /usr/local/CrossPack-AVR-20100115/lib/gcc/avr/4.3.3/../../../../avr/lib/avr5/libc.a(malloc.o)
__init                                            /usr/local/CrossPack-AVR-20100115/lib/gcc/avr/4.3.3/../../../../avr/lib/avr5/crtm328p.o
__ltsf2                                           /usr/local/CrossPack-AVR-20100115/lib/gcc/avr/4.3.3/avr5/libgcc.a(_lt_sf.o)
                                                  /Users/kovuthehusky/Projects/Wifimote/Wifimote/src/libArduino.a(Print.cpp.o)
__malloc_heap_end                                 /usr/local/CrossPack-AVR-20100115/lib/gcc/avr/4.3.3/../../../../avr/lib/avr5/libc.a(malloc.o)
                                                  /usr/local/CrossPack-AVR-20100115/lib/gcc/avr/4.3.3/../../../../avr/lib/avr5/libc.a(realloc.o)
__malloc_heap_start                               /usr/local/CrossPack-AVR-20100115/lib/gcc/avr/4.3.3/../../../../avr/lib/avr5/libc.a(malloc.o)
__malloc_margin                                   /usr/local/CrossPack-AVR-20100115/lib/gcc/avr/4.3.3/../../../../avr/lib/avr5/libc.a(malloc.o)
                                                  /usr/local/CrossPack-AVR-20100115/lib/gcc/avr/4.3.3/../../../../avr/lib/avr5/libc.a(realloc.o)
__mulsf3                                          /usr/local/CrossPack-AVR-20100115/lib/gcc/avr/4.3.3/avr5/libgcc.a(_mul_sf.o)
                                                  /Users/kovuthehusky/Projects/Wifimote/Wifimote/src/libArduino.a(Print.cpp.o)
                                                  ./src/Wifimote.o
__mulsi3                                          /usr/local/CrossPack-AVR-20100115/lib/gcc/avr/4.3.3/avr5/libgcc.a(_mulsi3.o)
                                                  /Users/kovuthehusky/Projects/Wifimote/Wifimote/src/libArduino.a(Print.cpp.o)
__mulsi_const_10                                  /usr/local/CrossPack-AVR-20100115/lib/gcc/avr/4.3.3/../../../../avr/lib/avr5/libc.a(mulsi10.o)
                                                  /usr/local/CrossPack-AVR-20100115/lib/gcc/avr/4.3.3/../../../../avr/lib/avr5/libc.a(atol.o)
__pack_f                                          /usr/local/CrossPack-AVR-20100115/lib/gcc/avr/4.3.3/avr5/libgcc.a(_pack_sf.o)
                                                  /usr/local/CrossPack-AVR-20100115/lib/gcc/avr/4.3.3/avr5/libgcc.a(_usi_to_sf.o)
                                                  /usr/local/CrossPack-AVR-20100115/lib/gcc/avr/4.3.3/avr5/libgcc.a(_si_to_sf.o)
                                                  /usr/local/CrossPack-AVR-20100115/lib/gcc/avr/4.3.3/avr5/libgcc.a(_div_sf.o)
                                                  /usr/local/CrossPack-AVR-20100115/lib/gcc/avr/4.3.3/avr5/libgcc.a(_mul_sf.o)
                                                  /usr/local/CrossPack-AVR-20100115/lib/gcc/avr/4.3.3/avr5/libgcc.a(_addsub_sf.o)
__prologue_saves__                                /usr/local/CrossPack-AVR-20100115/lib/gcc/avr/4.3.3/avr5/libgcc.a(_prologue.o)
                                                  /usr/local/CrossPack-AVR-20100115/lib/gcc/avr/4.3.3/../../../../avr/lib/avr5/libc.a(realloc.o)
                                                  /usr/local/CrossPack-AVR-20100115/lib/gcc/avr/4.3.3/avr5/libgcc.a(_usi_to_sf.o)
                                                  /usr/local/CrossPack-AVR-20100115/lib/gcc/avr/4.3.3/avr5/libgcc.a(_sf_to_si.o)
                                                  /usr/local/CrossPack-AVR-20100115/lib/gcc/avr/4.3.3/avr5/libgcc.a(_si_to_sf.o)
                                                  /usr/local/CrossPack-AVR-20100115/lib/gcc/avr/4.3.3/avr5/libgcc.a(_lt_sf.o)
                                                  /usr/local/CrossPack-AVR-20100115/lib/gcc/avr/4.3.3/avr5/libgcc.a(_ge_sf.o)
                                                  /usr/local/CrossPack-AVR-20100115/lib/gcc/avr/4.3.3/avr5/libgcc.a(_div_sf.o)
                                                  /usr/local/CrossPack-AVR-20100115/lib/gcc/avr/4.3.3/avr5/libgcc.a(_mul_sf.o)
                                                  /usr/local/CrossPack-AVR-20100115/lib/gcc/avr/4.3.3/avr5/libgcc.a(_addsub_sf.o)
__stack                                           /usr/local/CrossPack-AVR-20100115/lib/gcc/avr/4.3.3/../../../../avr/lib/avr5/crtm328p.o
__subsf3                                          /usr/local/CrossPack-AVR-20100115/lib/gcc/avr/4.3.3/avr5/libgcc.a(_addsub_sf.o)
                                                  /usr/local/CrossPack-AVR-20100115/lib/gcc/avr/4.3.3/avr5/libgcc.a(_fixunssfsi.o)
                                                  /Users/kovuthehusky/Projects/Wifimote/Wifimote/src/libArduino.a(Print.cpp.o)
__tablejump2__                                    /usr/local/CrossPack-AVR-20100115/lib/gcc/avr/4.3.3/avr5/libgcc.a(_tablejump.o)
__tablejump__                                     /usr/local/CrossPack-AVR-20100115/lib/gcc/avr/4.3.3/avr5/libgcc.a(_tablejump.o)
                                                  /usr/local/CrossPack-AVR-20100115/lib/gcc/avr/4.3.3/avr5/libgcc.a(_ctors.o)
__thenan_sf                                       /usr/local/CrossPack-AVR-20100115/lib/gcc/avr/4.3.3/avr5/libgcc.a(_thenan_sf.o)
                                                  /usr/local/CrossPack-AVR-20100115/lib/gcc/avr/4.3.3/avr5/libgcc.a(_div_sf.o)
                                                  /usr/local/CrossPack-AVR-20100115/lib/gcc/avr/4.3.3/avr5/libgcc.a(_mul_sf.o)
                                                  /usr/local/CrossPack-AVR-20100115/lib/gcc/avr/4.3.3/avr5/libgcc.a(_addsub_sf.o)
__udivmodhi4                                      /usr/local/CrossPack-AVR-20100115/lib/gcc/avr/4.3.3/avr5/libgcc.a(_udivmodhi4.o)
                                                  /usr/local/CrossPack-AVR-20100115/lib/gcc/avr/4.3.3/../../../../avr/lib/avr5/libc.a(utoa.o)
                                                  /usr/local/CrossPack-AVR-20100115/lib/gcc/avr/4.3.3/../../../../avr/lib/avr5/libc.a(itoa.o)
                                                  /usr/local/CrossPack-AVR-20100115/lib/gcc/avr/4.3.3/avr5/libgcc.a(_divmodhi4.o)
__udivmodsi4                                      /usr/local/CrossPack-AVR-20100115/lib/gcc/avr/4.3.3/avr5/libgcc.a(_udivmodsi4.o)
                                                  /usr/local/CrossPack-AVR-20100115/lib/gcc/avr/4.3.3/../../../../avr/lib/avr5/libc.a(ultoa.o)
                                                  /usr/local/CrossPack-AVR-20100115/lib/gcc/avr/4.3.3/../../../../avr/lib/avr5/libc.a(ltoa.o)
                                                  /Users/kovuthehusky/Projects/Wifimote/Wifimote/src/libArduino.a(Print.cpp.o)
                                                  /Users/kovuthehusky/Projects/Wifimote/Wifimote/src/libArduino.a(HardwareSerial.cpp.o)
__unpack_f                                        /usr/local/CrossPack-AVR-20100115/lib/gcc/avr/4.3.3/avr5/libgcc.a(_unpack_sf.o)
                                                  /usr/local/CrossPack-AVR-20100115/lib/gcc/avr/4.3.3/avr5/libgcc.a(_sf_to_si.o)
                                                  /usr/local/CrossPack-AVR-20100115/lib/gcc/avr/4.3.3/avr5/libgcc.a(_lt_sf.o)
                                                  /usr/local/CrossPack-AVR-20100115/lib/gcc/avr/4.3.3/avr5/libgcc.a(_ge_sf.o)
                                                  /usr/local/CrossPack-AVR-20100115/lib/gcc/avr/4.3.3/avr5/libgcc.a(_div_sf.o)
                                                  /usr/local/CrossPack-AVR-20100115/lib/gcc/avr/4.3.3/avr5/libgcc.a(_mul_sf.o)
                                                  /usr/local/CrossPack-AVR-20100115/lib/gcc/avr/4.3.3/avr5/libgcc.a(_addsub_sf.o)
__vector_1                                        /usr/local/CrossPack-AVR-20100115/lib/gcc/avr/4.3.3/../../../../avr/lib/avr5/crtm328p.o
__vector_10                                       /usr/local/CrossPack-AVR-20100115/lib/gcc/avr/4.3.3/../../../../avr/lib/avr5/crtm328p.o
__vector_11                                       /usr/local/CrossPack-AVR-20100115/lib/gcc/avr/4.3.3/../../../../avr/lib/avr5/crtm328p.o
__vector_12                                       /usr/local/CrossPack-AVR-20100115/lib/gcc/avr/4.3.3/../../../../avr/lib/avr5/crtm328p.o
__vector_13                                       /usr/local/CrossPack-AVR-20100115/lib/gcc/avr/4.3.3/../../../../avr/lib/avr5/crtm328p.o
__vector_14                                       /usr/local/CrossPack-AVR-20100115/lib/gcc/avr/4.3.3/../../../../avr/lib/avr5/crtm328p.o
__vector_15                                       /usr/local/CrossPack-AVR-20100115/lib/gcc/avr/4.3.3/../../../../avr/lib/avr5/crtm328p.o
__vector_16                                       /Users/kovuthehusky/Projects/Wifimote/Wifimote/src/libArduino.a(wiring.c.o)
                                                  /usr/local/CrossPack-AVR-20100115/lib/gcc/avr/4.3.3/../../../../avr/lib/avr5/crtm328p.o
__vector_17                                       /usr/local/CrossPack-AVR-20100115/lib/gcc/avr/4.3.3/../../../../avr/lib/avr5/crtm328p.o
__vector_18                                       /Users/kovuthehusky/Projects/Wifimote/Wifimote/src/libArduino.a(HardwareSerial.cpp.o)
                                                  /usr/local/CrossPack-AVR-20100115/lib/gcc/avr/4.3.3/../../../../avr/lib/avr5/crtm328p.o
__vector_19                                       /Users/kovuthehusky/Projects/Wifimote/Wifimote/src/libArduino.a(HardwareSerial.cpp.o)
                                                  /usr/local/CrossPack-AVR-20100115/lib/gcc/avr/4.3.3/../../../../avr/lib/avr5/crtm328p.o
__vector_2                                        /usr/local/CrossPack-AVR-20100115/lib/gcc/avr/4.3.3/../../../../avr/lib/avr5/crtm328p.o
__vector_20                                       /usr/local/CrossPack-AVR-20100115/lib/gcc/avr/4.3.3/../../../../avr/lib/avr5/crtm328p.o
__vector_21                                       /usr/local/CrossPack-AVR-20100115/lib/gcc/avr/4.3.3/../../../../avr/lib/avr5/crtm328p.o
__vector_22                                       /usr/local/CrossPack-AVR-20100115/lib/gcc/avr/4.3.3/../../../../avr/lib/avr5/crtm328p.o
__vector_23                                       /usr/local/CrossPack-AVR-20100115/lib/gcc/avr/4.3.3/../../../../avr/lib/avr5/crtm328p.o
__vector_24                                       /usr/local/CrossPack-AVR-20100115/lib/gcc/avr/4.3.3/../../../../avr/lib/avr5/crtm328p.o
__vector_25                                       /usr/local/CrossPack-AVR-20100115/lib/gcc/avr/4.3.3/../../../../avr/lib/avr5/crtm328p.o
__vector_3                                        /usr/local/CrossPack-AVR-20100115/lib/gcc/avr/4.3.3/../../../../avr/lib/avr5/crtm328p.o
__vector_4                                        /usr/local/CrossPack-AVR-20100115/lib/gcc/avr/4.3.3/../../../../avr/lib/avr5/crtm328p.o
__vector_5                                        /usr/local/CrossPack-AVR-20100115/lib/gcc/avr/4.3.3/../../../../avr/lib/avr5/crtm328p.o
__vector_6                                        /usr/local/CrossPack-AVR-20100115/lib/gcc/avr/4.3.3/../../../../avr/lib/avr5/crtm328p.o
__vector_7                                        /usr/local/CrossPack-AVR-20100115/lib/gcc/avr/4.3.3/../../../../avr/lib/avr5/crtm328p.o
__vector_8                                        /usr/local/CrossPack-AVR-20100115/lib/gcc/avr/4.3.3/../../../../avr/lib/avr5/crtm328p.o
__vector_9                                        /usr/local/CrossPack-AVR-20100115/lib/gcc/avr/4.3.3/../../../../avr/lib/avr5/crtm328p.o
__vector_default                                  /usr/local/CrossPack-AVR-20100115/lib/gcc/avr/4.3.3/../../../../avr/lib/avr5/crtm328p.o
__vectors                                         /usr/local/CrossPack-AVR-20100115/lib/gcc/avr/4.3.3/../../../../avr/lib/avr5/crtm328p.o
_div                                              /usr/local/CrossPack-AVR-20100115/lib/gcc/avr/4.3.3/avr5/libgcc.a(_divmodhi4.o)
_exit                                             /usr/local/CrossPack-AVR-20100115/lib/gcc/avr/4.3.3/avr5/libgcc.a(_exit.o)
atol                                              /usr/local/CrossPack-AVR-20100115/lib/gcc/avr/4.3.3/../../../../avr/lib/avr5/libc.a(atol.o)
                                                  /Users/kovuthehusky/Projects/Wifimote/Wifimote/src/libArduino.a(WString.cpp.o)
cmd                                               ./src/Wifimote.o
delay                                             /Users/kovuthehusky/Projects/Wifimote/Wifimote/src/libArduino.a(wiring.c.o)
delayMicroseconds                                 /Users/kovuthehusky/Projects/Wifimote/Wifimote/src/libArduino.a(wiring.c.o)
                                                  ./src/Wifimote.o
digitalRead                                       /Users/kovuthehusky/Projects/Wifimote/Wifimote/src/libArduino.a(wiring_digital.c.o)
                                                  ./src/Wifimote.o
digitalWrite                                      /Users/kovuthehusky/Projects/Wifimote/Wifimote/src/libArduino.a(wiring_digital.c.o)
                                                  ./src/Wifimote.o
digital_pin_to_bit_mask_PGM                       /Users/kovuthehusky/Projects/Wifimote/Wifimote/src/libArduino.a(wiring_digital.c.o)
digital_pin_to_port_PGM                           /Users/kovuthehusky/Projects/Wifimote/Wifimote/src/libArduino.a(wiring_digital.c.o)
digital_pin_to_timer_PGM                          /Users/kovuthehusky/Projects/Wifimote/Wifimote/src/libArduino.a(wiring_digital.c.o)
exit                                              /usr/local/CrossPack-AVR-20100115/lib/gcc/avr/4.3.3/avr5/libgcc.a(_exit.o)
                                                  /usr/local/CrossPack-AVR-20100115/lib/gcc/avr/4.3.3/../../../../avr/lib/avr5/crtm328p.o
free                                              /usr/local/CrossPack-AVR-20100115/lib/gcc/avr/4.3.3/../../../../avr/lib/avr5/libc.a(malloc.o)
                                                  /usr/local/CrossPack-AVR-20100115/lib/gcc/avr/4.3.3/../../../../avr/lib/avr5/libc.a(realloc.o)
                                                  /Users/kovuthehusky/Projects/Wifimote/Wifimote/src/libArduino.a(WString.cpp.o)
                                                  /Users/kovuthehusky/Projects/Wifimote/Wifimote/src/libArduino.a(new.cpp.o)
init                                              /Users/kovuthehusky/Projects/Wifimote/Wifimote/src/libArduino.a(wiring.c.o)
                                                  ./src/main.o
isspace                                           /usr/local/CrossPack-AVR-20100115/lib/gcc/avr/4.3.3/../../../../avr/lib/avr5/libc.a(isspace.o)
                                                  /Users/kovuthehusky/Projects/Wifimote/Wifimote/src/libArduino.a(WString.cpp.o)
itoa                                              /usr/local/CrossPack-AVR-20100115/lib/gcc/avr/4.3.3/../../../../avr/lib/avr5/libc.a(itoa.o)
                                                  /Users/kovuthehusky/Projects/Wifimote/Wifimote/src/libArduino.a(WString.cpp.o)
loop                                              ./src/Wifimote.o
                                                  ./src/main.o
ltoa                                              /usr/local/CrossPack-AVR-20100115/lib/gcc/avr/4.3.3/../../../../avr/lib/avr5/libc.a(ltoa.o)
                                                  /Users/kovuthehusky/Projects/Wifimote/Wifimote/src/libArduino.a(WString.cpp.o)
main                                              ./src/main.o
                                                  /usr/local/CrossPack-AVR-20100115/lib/gcc/avr/4.3.3/../../../../avr/lib/avr5/crtm328p.o
malloc                                            /usr/local/CrossPack-AVR-20100115/lib/gcc/avr/4.3.3/../../../../avr/lib/avr5/libc.a(malloc.o)
                                                  /usr/local/CrossPack-AVR-20100115/lib/gcc/avr/4.3.3/../../../../avr/lib/avr5/libc.a(realloc.o)
                                                  /Users/kovuthehusky/Projects/Wifimote/Wifimote/src/libArduino.a(new.cpp.o)
memcpy                                            /usr/local/CrossPack-AVR-20100115/lib/gcc/avr/4.3.3/../../../../avr/lib/avr5/libc.a(memcpy.o)
                                                  /usr/local/CrossPack-AVR-20100115/lib/gcc/avr/4.3.3/../../../../avr/lib/avr5/libc.a(memmove.o)
                                                  /usr/local/CrossPack-AVR-20100115/lib/gcc/avr/4.3.3/../../../../avr/lib/avr5/libc.a(realloc.o)
                                                  /Users/kovuthehusky/Projects/Wifimote/Wifimote/src/libArduino.a(WString.cpp.o)
memmove                                           /usr/local/CrossPack-AVR-20100115/lib/gcc/avr/4.3.3/../../../../avr/lib/avr5/libc.a(memmove.o)
                                                  /Users/kovuthehusky/Projects/Wifimote/Wifimote/src/libArduino.a(WString.cpp.o)
micros                                            /Users/kovuthehusky/Projects/Wifimote/Wifimote/src/libArduino.a(wiring.c.o)
millis                                            /Users/kovuthehusky/Projects/Wifimote/Wifimote/src/libArduino.a(wiring.c.o)
off(int)                                          ./src/Wifimote.o
on(int)                                           ./src/Wifimote.o
operator delete(void*)                            /Users/kovuthehusky/Projects/Wifimote/Wifimote/src/libArduino.a(new.cpp.o)
operator new(unsigned int)                        /Users/kovuthehusky/Projects/Wifimote/Wifimote/src/libArduino.a(new.cpp.o)
operator+(StringSumHelper const&, String const&)  /Users/kovuthehusky/Projects/Wifimote/Wifimote/src/libArduino.a(WString.cpp.o)
operator+(StringSumHelper const&, char const*)    /Users/kovuthehusky/Projects/Wifimote/Wifimote/src/libArduino.a(WString.cpp.o)
operator+(StringSumHelper const&, char)           /Users/kovuthehusky/Projects/Wifimote/Wifimote/src/libArduino.a(WString.cpp.o)
operator+(StringSumHelper const&, int)            /Users/kovuthehusky/Projects/Wifimote/Wifimote/src/libArduino.a(WString.cpp.o)
operator+(StringSumHelper const&, long)           /Users/kovuthehusky/Projects/Wifimote/Wifimote/src/libArduino.a(WString.cpp.o)
operator+(StringSumHelper const&, unsigned char)  /Users/kovuthehusky/Projects/Wifimote/Wifimote/src/libArduino.a(WString.cpp.o)
operator+(StringSumHelper const&, unsigned int)   /Users/kovuthehusky/Projects/Wifimote/Wifimote/src/libArduino.a(WString.cpp.o)
operator+(StringSumHelper const&, unsigned long)  /Users/kovuthehusky/Projects/Wifimote/Wifimote/src/libArduino.a(WString.cpp.o)
pinMode                                           /Users/kovuthehusky/Projects/Wifimote/Wifimote/src/libArduino.a(wiring_digital.c.o)
                                                  ./src/Wifimote.o
port_to_input_PGM                                 /Users/kovuthehusky/Projects/Wifimote/Wifimote/src/libArduino.a(wiring_digital.c.o)
port_to_mode_PGM                                  /Users/kovuthehusky/Projects/Wifimote/Wifimote/src/libArduino.a(wiring_digital.c.o)
port_to_output_PGM                                /Users/kovuthehusky/Projects/Wifimote/Wifimote/src/libArduino.a(wiring_digital.c.o)
realloc                                           /usr/local/CrossPack-AVR-20100115/lib/gcc/avr/4.3.3/../../../../avr/lib/avr5/libc.a(realloc.o)
                                                  /Users/kovuthehusky/Projects/Wifimote/Wifimote/src/libArduino.a(WString.cpp.o)
rx_buffer                                         /Users/kovuthehusky/Projects/Wifimote/Wifimote/src/libArduino.a(HardwareSerial.cpp.o)
serialEvent()                                     /Users/kovuthehusky/Projects/Wifimote/Wifimote/src/libArduino.a(HardwareSerial.cpp.o)
serialEventRun()                                  /Users/kovuthehusky/Projects/Wifimote/Wifimote/src/libArduino.a(HardwareSerial.cpp.o)
                                                  ./src/main.o
setup                                             ./src/Wifimote.o
                                                  ./src/main.o
strchr                                            /usr/local/CrossPack-AVR-20100115/lib/gcc/avr/4.3.3/../../../../avr/lib/avr5/libc.a(strchr.o)
                                                  /Users/kovuthehusky/Projects/Wifimote/Wifimote/src/libArduino.a(WString.cpp.o)
strcmp                                            /usr/local/CrossPack-AVR-20100115/lib/gcc/avr/4.3.3/../../../../avr/lib/avr5/libc.a(strcmp.o)
                                                  /Users/kovuthehusky/Projects/Wifimote/Wifimote/src/libArduino.a(WString.cpp.o)
strcpy                                            /usr/local/CrossPack-AVR-20100115/lib/gcc/avr/4.3.3/../../../../avr/lib/avr5/libc.a(strcpy.o)
                                                  /Users/kovuthehusky/Projects/Wifimote/Wifimote/src/libArduino.a(WString.cpp.o)
strncmp                                           /usr/local/CrossPack-AVR-20100115/lib/gcc/avr/4.3.3/../../../../avr/lib/avr5/libc.a(strncmp.o)
                                                  /Users/kovuthehusky/Projects/Wifimote/Wifimote/src/libArduino.a(WString.cpp.o)
strncpy                                           /usr/local/CrossPack-AVR-20100115/lib/gcc/avr/4.3.3/../../../../avr/lib/avr5/libc.a(strncpy.o)